Archive member included to satisfy reference by file (symbol)

d:/ti_software/gcc-arm-none-eabi-9-2019-q4-major-win32/bin/../lib/gcc/arm-none-eabi/9.2.1/thumb/v7-m/nofp\libgcc.a(_aeabi_ldivmod.o)
                              rtos.o (__aeabi_ldivmod)
d:/ti_software/gcc-arm-none-eabi-9-2019-q4-major-win32/bin/../lib/gcc/arm-none-eabi/9.2.1/thumb/v7-m/nofp\libgcc.a(_aeabi_uldivmod.o)
                              rtos.o (__aeabi_uldivmod)
d:/ti_software/gcc-arm-none-eabi-9-2019-q4-major-win32/bin/../lib/gcc/arm-none-eabi/9.2.1/thumb/v7-m/nofp\libgcc.a(_udivmoddi4.o)
                              d:/ti_software/gcc-arm-none-eabi-9-2019-q4-major-win32/bin/../lib/gcc/arm-none-eabi/9.2.1/thumb/v7-m/nofp\libgcc.a(_aeabi_ldivmod.o) (__udivmoddi4)
d:/ti_software/gcc-arm-none-eabi-9-2019-q4-major-win32/bin/../lib/gcc/arm-none-eabi/9.2.1/thumb/v7-m/nofp\libgcc.a(_dvmd_tls.o)
                              d:/ti_software/gcc-arm-none-eabi-9-2019-q4-major-win32/bin/../lib/gcc/arm-none-eabi/9.2.1/thumb/v7-m/nofp\libgcc.a(_aeabi_ldivmod.o) (__aeabi_ldiv0)
d:/ti_software/gcc-arm-none-eabi-9-2019-q4-major-win32/bin/../lib/gcc/arm-none-eabi/9.2.1/../../../../arm-none-eabi/lib/thumb/v7-m/nofp\libc.a(lib_a-memset.o)
                              main.o (memset)

Allocating common symbols
Common symbol       size              file

__dso_handle        0x4               bmptk_cortex.o

Discarded input sections

 .data          0x00000000        0x0 switch_to.o
 .bss           0x00000000        0x0 switch_to.o
 .group         0x00000000        0xc coroutine.o
 .text          0x00000000        0x0 coroutine.o
 .data          0x00000000        0x0 coroutine.o
 .bss           0x00000000        0x0 coroutine.o
 .text._ZN3due11ad_pin_infoENS_7ad_pinsE
                0x00000000       0x1c coroutine.o
 .text._ZN3due11ad_seq_infoEm
                0x00000000       0x20 coroutine.o
 .text._ZN5hwlib19uart_char_availableEv
                0x00000000        0x4 coroutine.o
 .text._ZN5hwlib9uart_getcEv
                0x00000000        0x4 coroutine.o
 .rodata._ZZN3due11ad_pin_infoENS_7ad_pinsEE17ad_pin_info_array
                0x00000000        0xc coroutine.o
 .rodata._ZZN3due11ad_seq_infoEmE12ad_seq_array
                0x00000000       0x70 coroutine.o
 .group         0x00000000        0x8 rtos.o
 .group         0x00000000        0x8 rtos.o
 .group         0x00000000        0xc rtos.o
 .group         0x00000000        0xc rtos.o
 .group         0x00000000        0xc rtos.o
 .group         0x00000000        0xc rtos.o
 .group         0x00000000        0xc rtos.o
 .group         0x00000000        0xc rtos.o
 .group         0x00000000        0xc rtos.o
 .group         0x00000000        0xc rtos.o
 .group         0x00000000        0xc rtos.o
 .group         0x00000000        0xc rtos.o
 .group         0x00000000        0xc rtos.o
 .group         0x00000000        0xc rtos.o
 .text          0x00000000        0x0 rtos.o
 .data          0x00000000        0x0 rtos.o
 .bss           0x00000000        0x0 rtos.o
 .text._ZNK4rtos5eventeqERKS0_.part.0
                0x00000000       0x28 rtos.o
 .text._ZN6sam3xa10SystemInitEv
                0x00000000       0x7c rtos.o
 .rodata._ZN3due8pin_infoENS_4pinsE.str1.1
                0x00000000       0x33 rtos.o
 .text._ZN3due8pin_infoENS_4pinsE
                0x00000000       0x20 rtos.o
 .text._ZN3due11ad_pin_infoENS_7ad_pinsE
                0x00000000       0x1c rtos.o
 .text._ZN3due11ad_seq_infoEm
                0x00000000       0x20 rtos.o
 .text._ZN3due14port_registersEm
                0x00000000       0x38 rtos.o
 .text._ZN3due12ticks_per_usEv
                0x00000000        0x6 rtos.o
 .text._ZN3due9now_ticksEv
                0x00000000       0x7c rtos.o
 .text._ZN5hwlib9uart_putcEc
                0x00000000        0x4 rtos.o
 .text._ZN5hwlib19uart_char_availableEv
                0x00000000        0x4 rtos.o
 .text._ZN5hwlib9uart_getcEv
                0x00000000        0x4 rtos.o
 .text._ZNK4rtos5eventeqERKS0_
                0x00000000       0x1a rtos.o
 .text._ZNK4rtos5eventneERKS0_
                0x00000000       0x1a rtos.o
 .text._ZNK4rtos5eventeqERKNS_8waitableE
                0x00000000       0x1a rtos.o
 .text._ZNK4rtos5eventneERKNS_8waitableE
                0x00000000       0x1a rtos.o
 .rodata._ZNK4rtos5eventplERKS0_.str1.1
                0x00000000       0x1e rtos.o
 .text._ZNK4rtos5eventplERKS0_
                0x00000000       0x3c rtos.o
 .rodata._ZNK4rtos5event5printERN5hwlib7ostreamE.str1.1
                0x00000000        0xf rtos.o
 .text._ZNK4rtos5event5printERN5hwlib7ostreamE
                0x00000000       0x30 rtos.o
 .text._ZN4rtos5timer3setEm
                0x00000000        0xe rtos.o
 .text._ZN4rtos5timer5startEm
                0x00000000        0xe rtos.o
 .text._ZN4rtos5clock7time_upEv
                0x00000000       0x30 rtos.o
 .text._ZThn16_N4rtos5clock7time_upEv
                0x00000000        0x8 rtos.o
 .text._ZN4rtos4flag3setEv
                0x00000000       0x10 rtos.o
 .text._ZN4rtos5clock5clearEv
                0x00000000        0x8 rtos.o
 .text._ZN4rtos5mutex4waitEv
                0x00000000       0x30 rtos.o
 .rodata._ZN4rtos5mutex6signalEv.str1.1
                0x00000000       0x21 rtos.o
 .text._ZN4rtos5mutex6signalEv
                0x00000000       0x50 rtos.o
 .rodata._ZN4rtos5mutexD2Ev.str1.1
                0x00000000       0x18 rtos.o
 .text._ZN4rtos5mutexD2Ev
                0x00000000       0x28 rtos.o
 .text._ZlsRN5hwlib7ostreamERKN4rtos9task_baseE
                0x00000000       0x12 rtos.o
 .text._ZlsRN5hwlib7ostreamERKN4rtos4flagE
                0x00000000       0x12 rtos.o
 .text._ZlsRN5hwlib7ostreamERKN4rtos5eventE
                0x00000000       0x10 rtos.o
 .text._ZlsRN5hwlib7ostreamERKN4rtos5timerE
                0x00000000       0x12 rtos.o
 .text._ZlsRN5hwlib7ostreamERKN4rtos5clockE
                0x00000000       0x12 rtos.o
 .text._ZlsRN5hwlib7ostreamERKN4rtos12channel_baseE
                0x00000000       0x12 rtos.o
 .text._ZlsRN5hwlib7ostreamERKN4rtos5mutexE
                0x00000000       0x12 rtos.o
 .text._ZlsRN5hwlib7ostreamERKN4rtos12mailbox_baseE
                0x00000000       0x12 rtos.o
 .text._ZlsRN5hwlib7ostreamERKN4rtos9pool_baseE
                0x00000000       0x12 rtos.o
 .text._ZNK4rtos9task_base4nameEv
                0x00000000        0x4 rtos.o
 .text._ZN4rtos3addEPNS_4flagE
                0x00000000       0x10 rtos.o
 .text._ZN4rtos4flagC2EPNS_9task_baseEPKc
                0x00000000       0x20 rtos.o
 .text._ZN4rtos3addEPNS_5clockE
                0x00000000       0x10 rtos.o
 .text._ZN4rtos3addEPNS_5mutexE
                0x00000000       0x10 rtos.o
 .text._ZN4rtos5mutexC2EPKc
                0x00000000       0x1c rtos.o
 .text._ZN4rtos3addEPNS_12mailbox_baseE
                0x00000000       0x10 rtos.o
 .text._ZN4rtos12mailbox_baseC2EPKc
                0x00000000       0x1e rtos.o
 .text._ZN4rtos3addEPNS_9pool_baseE
                0x00000000       0x10 rtos.o
 .text._ZN4rtos9pool_baseC2EPKc
                0x00000000       0x1a rtos.o
 .text._ZN4rtos5clockC2EPNS_9task_baseEmPKc
                0x00000000       0x3c rtos.o
 .text._ZN4rtos19do_statistics_clearEv
                0x00000000       0x18 rtos.o
 .text._ZN5hwlib7wait_nsEi
                0x00000000       0x10 rtos.o
 .rodata._ZTVN4rtos4flagE
                0x00000000        0xc rtos.o
 .bss._ZZN3due9now_ticksEvE4high
                0x00000000        0x8 rtos.o
 .bss._ZZN3due9now_ticksEvE8last_low
                0x00000000        0x4 rtos.o
 .bss._ZZN3due9now_ticksEvE9init_done
                0x00000000        0x1 rtos.o
 .data._ZN6sam3xa15SystemCoreClockE
                0x00000000        0x4 rtos.o
 .rodata._ZTVN4rtos5clockE
                0x00000000       0x20 rtos.o
 .rodata._ZZN3due11ad_pin_infoENS_7ad_pinsEE17ad_pin_info_array
                0x00000000        0xc rtos.o
 .rodata._ZZN3due11ad_seq_infoEmE12ad_seq_array
                0x00000000       0x70 rtos.o
 .rodata._ZZN3due8pin_infoENS_4pinsEE14pin_info_array
                0x00000000       0xa4 rtos.o
 .group         0x00000000        0x8 hwlib.o
 .group         0x00000000        0x8 hwlib.o
 .group         0x00000000        0x8 hwlib.o
 .group         0x00000000        0x8 hwlib.o
 .group         0x00000000        0x8 hwlib.o
 .group         0x00000000        0x8 hwlib.o
 .group         0x00000000        0x8 hwlib.o
 .group         0x00000000        0x8 hwlib.o
 .group         0x00000000        0x8 hwlib.o
 .group         0x00000000        0x8 hwlib.o
 .group         0x00000000        0x8 hwlib.o
 .group         0x00000000        0x8 hwlib.o
 .group         0x00000000        0x8 hwlib.o
 .group         0x00000000        0x8 hwlib.o
 .group         0x00000000        0x8 hwlib.o
 .group         0x00000000        0x8 hwlib.o
 .group         0x00000000        0x8 hwlib.o
 .group         0x00000000        0x8 hwlib.o
 .group         0x00000000        0x8 hwlib.o
 .group         0x00000000        0x8 hwlib.o
 .group         0x00000000        0x8 hwlib.o
 .group         0x00000000        0x8 hwlib.o
 .group         0x00000000        0x8 hwlib.o
 .group         0x00000000        0x8 hwlib.o
 .group         0x00000000        0x8 hwlib.o
 .group         0x00000000        0x8 hwlib.o
 .group         0x00000000        0x8 hwlib.o
 .group         0x00000000        0x8 hwlib.o
 .group         0x00000000        0x8 hwlib.o
 .group         0x00000000        0x8 hwlib.o
 .group         0x00000000        0x8 hwlib.o
 .group         0x00000000        0x8 hwlib.o
 .group         0x00000000        0x8 hwlib.o
 .group         0x00000000        0x8 hwlib.o
 .group         0x00000000        0x8 hwlib.o
 .group         0x00000000        0x8 hwlib.o
 .group         0x00000000        0x8 hwlib.o
 .group         0x00000000        0x8 hwlib.o
 .group         0x00000000        0x8 hwlib.o
 .group         0x00000000        0x8 hwlib.o
 .group         0x00000000        0x8 hwlib.o
 .group         0x00000000        0x8 hwlib.o
 .group         0x00000000        0x8 hwlib.o
 .group         0x00000000        0x8 hwlib.o
 .group         0x00000000        0x8 hwlib.o
 .group         0x00000000        0x8 hwlib.o
 .group         0x00000000        0x8 hwlib.o
 .group         0x00000000        0x8 hwlib.o
 .group         0x00000000        0x8 hwlib.o
 .group         0x00000000        0x8 hwlib.o
 .group         0x00000000        0x8 hwlib.o
 .group         0x00000000        0x8 hwlib.o
 .group         0x00000000        0x8 hwlib.o
 .group         0x00000000        0x8 hwlib.o
 .group         0x00000000        0x8 hwlib.o
 .group         0x00000000        0x8 hwlib.o
 .group         0x00000000        0x8 hwlib.o
 .group         0x00000000        0x8 hwlib.o
 .group         0x00000000        0x8 hwlib.o
 .group         0x00000000        0x8 hwlib.o
 .group         0x00000000        0x8 hwlib.o
 .group         0x00000000        0x8 hwlib.o
 .group         0x00000000        0x8 hwlib.o
 .group         0x00000000        0x8 hwlib.o
 .group         0x00000000        0x8 hwlib.o
 .group         0x00000000        0x8 hwlib.o
 .group         0x00000000        0x8 hwlib.o
 .group         0x00000000        0x8 hwlib.o
 .group         0x00000000        0x8 hwlib.o
 .group         0x00000000        0x8 hwlib.o
 .group         0x00000000        0x8 hwlib.o
 .group         0x00000000        0x8 hwlib.o
 .group         0x00000000        0x8 hwlib.o
 .group         0x00000000        0x8 hwlib.o
 .group         0x00000000        0x8 hwlib.o
 .group         0x00000000        0x8 hwlib.o
 .group         0x00000000        0x8 hwlib.o
 .group         0x00000000        0x8 hwlib.o
 .group         0x00000000        0x8 hwlib.o
 .group         0x00000000        0x8 hwlib.o
 .group         0x00000000        0x8 hwlib.o
 .group         0x00000000        0x8 hwlib.o
 .group         0x00000000        0x8 hwlib.o
 .group         0x00000000        0x8 hwlib.o
 .group         0x00000000        0x8 hwlib.o
 .group         0x00000000        0x8 hwlib.o
 .group         0x00000000        0x8 hwlib.o
 .group         0x00000000        0x8 hwlib.o
 .group         0x00000000        0x8 hwlib.o
 .group         0x00000000        0x8 hwlib.o
 .group         0x00000000        0x8 hwlib.o
 .group         0x00000000        0x8 hwlib.o
 .group         0x00000000        0x8 hwlib.o
 .group         0x00000000        0x8 hwlib.o
 .group         0x00000000        0x8 hwlib.o
 .group         0x00000000        0x8 hwlib.o
 .group         0x00000000        0x8 hwlib.o
 .group         0x00000000        0x8 hwlib.o
 .group         0x00000000        0x8 hwlib.o
 .group         0x00000000        0x8 hwlib.o
 .group         0x00000000        0x8 hwlib.o
 .group         0x00000000        0x8 hwlib.o
 .group         0x00000000        0x8 hwlib.o
 .group         0x00000000        0x8 hwlib.o
 .group         0x00000000        0x8 hwlib.o
 .group         0x00000000        0x8 hwlib.o
 .group         0x00000000        0x8 hwlib.o
 .group         0x00000000        0x8 hwlib.o
 .group         0x00000000        0x8 hwlib.o
 .group         0x00000000        0x8 hwlib.o
 .group         0x00000000        0x8 hwlib.o
 .group         0x00000000        0x8 hwlib.o
 .group         0x00000000        0x8 hwlib.o
 .group         0x00000000        0x8 hwlib.o
 .group         0x00000000        0x8 hwlib.o
 .group         0x00000000        0x8 hwlib.o
 .group         0x00000000        0x8 hwlib.o
 .group         0x00000000        0x8 hwlib.o
 .group         0x00000000        0x8 hwlib.o
 .group         0x00000000        0x8 hwlib.o
 .group         0x00000000        0x8 hwlib.o
 .group         0x00000000        0x8 hwlib.o
 .group         0x00000000        0x8 hwlib.o
 .group         0x00000000        0x8 hwlib.o
 .group         0x00000000        0x8 hwlib.o
 .group         0x00000000        0x8 hwlib.o
 .group         0x00000000        0x8 hwlib.o
 .group         0x00000000        0x8 hwlib.o
 .group         0x00000000        0x8 hwlib.o
 .group         0x00000000        0x8 hwlib.o
 .group         0x00000000        0x8 hwlib.o
 .group         0x00000000        0x8 hwlib.o
 .group         0x00000000        0x8 hwlib.o
 .group         0x00000000        0x8 hwlib.o
 .group         0x00000000        0x8 hwlib.o
 .group         0x00000000        0x8 hwlib.o
 .group         0x00000000        0x8 hwlib.o
 .group         0x00000000        0x8 hwlib.o
 .group         0x00000000        0x8 hwlib.o
 .group         0x00000000        0x8 hwlib.o
 .group         0x00000000        0x8 hwlib.o
 .group         0x00000000        0x8 hwlib.o
 .group         0x00000000        0x8 hwlib.o
 .group         0x00000000        0x8 hwlib.o
 .group         0x00000000        0x8 hwlib.o
 .group         0x00000000        0x8 hwlib.o
 .group         0x00000000        0x8 hwlib.o
 .group         0x00000000        0x8 hwlib.o
 .group         0x00000000        0x8 hwlib.o
 .group         0x00000000        0x8 hwlib.o
 .group         0x00000000        0x8 hwlib.o
 .group         0x00000000        0x8 hwlib.o
 .group         0x00000000        0x8 hwlib.o
 .group         0x00000000        0x8 hwlib.o
 .group         0x00000000        0x8 hwlib.o
 .group         0x00000000        0x8 hwlib.o
 .group         0x00000000        0x8 hwlib.o
 .group         0x00000000        0x8 hwlib.o
 .group         0x00000000        0x8 hwlib.o
 .group         0x00000000        0x8 hwlib.o
 .group         0x00000000        0x8 hwlib.o
 .group         0x00000000        0x8 hwlib.o
 .group         0x00000000        0x8 hwlib.o
 .group         0x00000000        0x8 hwlib.o
 .group         0x00000000        0x8 hwlib.o
 .group         0x00000000        0x8 hwlib.o
 .group         0x00000000        0x8 hwlib.o
 .group         0x00000000        0x8 hwlib.o
 .group         0x00000000        0x8 hwlib.o
 .group         0x00000000        0x8 hwlib.o
 .group         0x00000000        0x8 hwlib.o
 .group         0x00000000        0x8 hwlib.o
 .group         0x00000000        0x8 hwlib.o
 .group         0x00000000        0x8 hwlib.o
 .group         0x00000000        0x8 hwlib.o
 .group         0x00000000        0x8 hwlib.o
 .group         0x00000000        0x8 hwlib.o
 .group         0x00000000        0x8 hwlib.o
 .group         0x00000000        0x8 hwlib.o
 .group         0x00000000        0x8 hwlib.o
 .group         0x00000000        0x8 hwlib.o
 .group         0x00000000        0x8 hwlib.o
 .group         0x00000000        0x8 hwlib.o
 .group         0x00000000        0x8 hwlib.o
 .group         0x00000000        0xc hwlib.o
 .group         0x00000000        0x8 hwlib.o
 .group         0x00000000        0x8 hwlib.o
 .group         0x00000000        0x8 hwlib.o
 .group         0x00000000        0x8 hwlib.o
 .group         0x00000000        0x8 hwlib.o
 .group         0x00000000        0x8 hwlib.o
 .group         0x00000000        0x8 hwlib.o
 .group         0x00000000        0xc hwlib.o
 .group         0x00000000        0x8 hwlib.o
 .group         0x00000000        0xc hwlib.o
 .group         0x00000000        0xc hwlib.o
 .group         0x00000000        0x8 hwlib.o
 .group         0x00000000        0xc hwlib.o
 .group         0x00000000        0xc hwlib.o
 .group         0x00000000        0x8 hwlib.o
 .group         0x00000000        0xc hwlib.o
 .group         0x00000000        0xc hwlib.o
 .group         0x00000000        0xc hwlib.o
 .group         0x00000000        0xc hwlib.o
 .group         0x00000000        0xc hwlib.o
 .group         0x00000000        0x8 hwlib.o
 .group         0x00000000        0xc hwlib.o
 .group         0x00000000        0xc hwlib.o
 .group         0x00000000        0xc hwlib.o
 .group         0x00000000        0xc hwlib.o
 .group         0x00000000        0xc hwlib.o
 .group         0x00000000        0xc hwlib.o
 .group         0x00000000        0xc hwlib.o
 .group         0x00000000        0xc hwlib.o
 .group         0x00000000        0xc hwlib.o
 .group         0x00000000        0xc hwlib.o
 .group         0x00000000        0xc hwlib.o
 .group         0x00000000        0xc hwlib.o
 .group         0x00000000        0xc hwlib.o
 .group         0x00000000        0xc hwlib.o
 .group         0x00000000        0xc hwlib.o
 .group         0x00000000        0xc hwlib.o
 .group         0x00000000        0xc hwlib.o
 .group         0x00000000        0xc hwlib.o
 .group         0x00000000        0xc hwlib.o
 .group         0x00000000        0xc hwlib.o
 .group         0x00000000        0xc hwlib.o
 .group         0x00000000        0xc hwlib.o
 .group         0x00000000        0xc hwlib.o
 .group         0x00000000        0xc hwlib.o
 .group         0x00000000        0xc hwlib.o
 .group         0x00000000        0xc hwlib.o
 .group         0x00000000        0xc hwlib.o
 .group         0x00000000        0xc hwlib.o
 .group         0x00000000        0xc hwlib.o
 .group         0x00000000        0xc hwlib.o
 .group         0x00000000        0xc hwlib.o
 .group         0x00000000        0xc hwlib.o
 .group         0x00000000        0xc hwlib.o
 .group         0x00000000        0xc hwlib.o
 .group         0x00000000        0xc hwlib.o
 .group         0x00000000        0xc hwlib.o
 .group         0x00000000        0xc hwlib.o
 .group         0x00000000        0xc hwlib.o
 .group         0x00000000        0xc hwlib.o
 .group         0x00000000        0xc hwlib.o
 .group         0x00000000        0xc hwlib.o
 .group         0x00000000        0xc hwlib.o
 .group         0x00000000        0xc hwlib.o
 .group         0x00000000        0xc hwlib.o
 .group         0x00000000        0xc hwlib.o
 .group         0x00000000        0xc hwlib.o
 .group         0x00000000        0xc hwlib.o
 .group         0x00000000        0xc hwlib.o
 .group         0x00000000        0xc hwlib.o
 .group         0x00000000        0xc hwlib.o
 .group         0x00000000        0xc hwlib.o
 .group         0x00000000        0xc hwlib.o
 .group         0x00000000        0xc hwlib.o
 .group         0x00000000        0xc hwlib.o
 .group         0x00000000        0xc hwlib.o
 .group         0x00000000        0xc hwlib.o
 .group         0x00000000        0xc hwlib.o
 .group         0x00000000        0xc hwlib.o
 .group         0x00000000        0xc hwlib.o
 .group         0x00000000        0xc hwlib.o
 .group         0x00000000        0xc hwlib.o
 .group         0x00000000        0xc hwlib.o
 .group         0x00000000        0xc hwlib.o
 .group         0x00000000        0xc hwlib.o
 .group         0x00000000        0xc hwlib.o
 .group         0x00000000        0xc hwlib.o
 .group         0x00000000        0xc hwlib.o
 .group         0x00000000        0xc hwlib.o
 .group         0x00000000        0xc hwlib.o
 .text          0x00000000        0x0 hwlib.o
 .data          0x00000000        0x0 hwlib.o
 .bss           0x00000000        0x0 hwlib.o
 .text._ZN5hwlib18pin_in_out_dummy_t5writeEb
                0x00000000        0x2 hwlib.o
 .text._ZN5hwlib18pin_in_out_dummy_t4readEv
                0x00000000        0x4 hwlib.o
 .text._ZN5hwlib18pin_in_out_dummy_t19direction_set_inputEv
                0x00000000        0x2 hwlib.o
 .text._ZN5hwlib18pin_in_out_dummy_t20direction_set_outputEv
                0x00000000        0x2 hwlib.o
 .text._ZN5hwlib18pin_in_out_dummy_t5flushEv
                0x00000000        0x2 hwlib.o
 .text._ZN5hwlib18pin_in_out_dummy_t7refreshEv
                0x00000000        0x2 hwlib.o
 .text._ZN5hwlib18pin_in_out_dummy_t15direction_flushEv
                0x00000000        0x2 hwlib.o
 .text._ZN5hwlib14pin_in_dummy_t4readEv
                0x00000000        0x4 hwlib.o
 .text._ZN5hwlib14pin_in_dummy_t7refreshEv
                0x00000000        0x2 hwlib.o
 .text._ZN5hwlib15pin_out_dummy_t5writeEb
                0x00000000        0x2 hwlib.o
 .text._ZN5hwlib15pin_out_dummy_t5flushEv
                0x00000000        0x2 hwlib.o
 .text._ZN5hwlib14pin_oc_dummy_t5writeEb
                0x00000000        0x2 hwlib.o
 .text._ZN5hwlib14pin_oc_dummy_t4readEv
                0x00000000        0x4 hwlib.o
 .text._ZN5hwlib14pin_oc_dummy_t5flushEv
                0x00000000        0x2 hwlib.o
 .text._ZN5hwlib14pin_oc_dummy_t7refreshEv
                0x00000000        0x2 hwlib.o
 .text._ZN5hwlib17pin_out_from_oc_t5writeEb
                0x00000000        0x8 hwlib.o
 .text._ZN5hwlib17pin_out_from_oc_t5flushEv
                0x00000000        0x8 hwlib.o
 .text._ZN5hwlib18pin_out_from_out_t5writeEb
                0x00000000        0x8 hwlib.o
 .text._ZN5hwlib18pin_out_from_out_t5flushEv
                0x00000000        0x8 hwlib.o
 .text._ZN5hwlib21pin_out_from_in_out_t5writeEb
                0x00000000        0x8 hwlib.o
 .text._ZN5hwlib21pin_out_from_in_out_t5flushEv
                0x00000000        0x8 hwlib.o
 .text._ZN5hwlib16pin_in_from_oc_t4readEv
                0x00000000        0x8 hwlib.o
 .text._ZN5hwlib16pin_in_from_oc_t7refreshEv
                0x00000000        0x8 hwlib.o
 .text._ZN5hwlib16pin_in_from_in_t4readEv
                0x00000000        0x8 hwlib.o
 .text._ZN5hwlib16pin_in_from_in_t7refreshEv
                0x00000000        0x8 hwlib.o
 .text._ZN5hwlib20pin_in_from_in_out_t4readEv
                0x00000000        0x8 hwlib.o
 .text._ZN5hwlib20pin_in_from_in_out_t7refreshEv
                0x00000000        0x8 hwlib.o
 .text._ZN5hwlib20pin_in_out_from_oc_t19direction_set_inputEv
                0x00000000        0xe hwlib.o
 .text._ZN5hwlib20pin_in_out_from_oc_t20direction_set_outputEv
                0x00000000        0x6 hwlib.o
 .text._ZN5hwlib20pin_in_out_from_oc_t4readEv
                0x00000000        0x8 hwlib.o
 .text._ZN5hwlib20pin_in_out_from_oc_t5flushEv
                0x00000000        0x8 hwlib.o
 .text._ZN5hwlib20pin_in_out_from_oc_t7refreshEv
                0x00000000        0x8 hwlib.o
 .text._ZN5hwlib20pin_in_out_from_oc_t15direction_flushEv
                0x00000000        0x8 hwlib.o
 .text._ZN5hwlib24pin_in_out_from_in_out_t19direction_set_inputEv
                0x00000000        0x8 hwlib.o
 .text._ZN5hwlib24pin_in_out_from_in_out_t20direction_set_outputEv
                0x00000000        0x8 hwlib.o
 .text._ZN5hwlib24pin_in_out_from_in_out_t4readEv
                0x00000000        0x8 hwlib.o
 .text._ZN5hwlib24pin_in_out_from_in_out_t5writeEb
                0x00000000        0x8 hwlib.o
 .text._ZN5hwlib24pin_in_out_from_in_out_t5flushEv
                0x00000000        0x8 hwlib.o
 .text._ZN5hwlib24pin_in_out_from_in_out_t7refreshEv
                0x00000000        0x8 hwlib.o
 .text._ZN5hwlib24pin_in_out_from_in_out_t15direction_flushEv
                0x00000000        0x8 hwlib.o
 .text._ZN5hwlib16pin_oc_from_oc_t4readEv
                0x00000000        0x8 hwlib.o
 .text._ZN5hwlib16pin_oc_from_oc_t5writeEb
                0x00000000        0x8 hwlib.o
 .text._ZN5hwlib16pin_oc_from_oc_t5flushEv
                0x00000000        0x8 hwlib.o
 .text._ZN5hwlib16pin_oc_from_oc_t7refreshEv
                0x00000000        0x8 hwlib.o
 .text._ZN5hwlib20pin_oc_from_in_out_t4readEv
                0x00000000        0x8 hwlib.o
 .text._ZN5hwlib20pin_oc_from_in_out_t5flushEv
                0x00000000       0x18 hwlib.o
 .text._ZN5hwlib20pin_oc_from_in_out_t7refreshEv
                0x00000000        0x8 hwlib.o
 .text._ZN5hwlib21pin_invert_from_out_t5writeEb
                0x00000000        0xc hwlib.o
 .text._ZN5hwlib21pin_invert_from_out_t5flushEv
                0x00000000        0x8 hwlib.o
 .text._ZN5hwlib20pin_invert_from_in_t4readEv
                0x00000000       0x12 hwlib.o
 .text._ZN5hwlib20pin_invert_from_in_t7refreshEv
                0x00000000        0x8 hwlib.o
 .text._ZN5hwlib24pin_invert_from_in_out_t4readEv
                0x00000000       0x12 hwlib.o
 .text._ZN5hwlib24pin_invert_from_in_out_t5writeEb
                0x00000000        0xc hwlib.o
 .text._ZN5hwlib24pin_invert_from_in_out_t19direction_set_inputEv
                0x00000000        0x8 hwlib.o
 .text._ZN5hwlib24pin_invert_from_in_out_t20direction_set_outputEv
                0x00000000        0x8 hwlib.o
 .text._ZN5hwlib24pin_invert_from_in_out_t7refreshEv
                0x00000000        0x8 hwlib.o
 .text._ZN5hwlib24pin_invert_from_in_out_t5flushEv
                0x00000000        0x8 hwlib.o
 .text._ZN5hwlib24pin_invert_from_in_out_t15direction_flushEv
                0x00000000        0x8 hwlib.o
 .text._ZN5hwlib20pin_invert_from_oc_t4readEv
                0x00000000       0x12 hwlib.o
 .text._ZN5hwlib20pin_invert_from_oc_t5writeEb
                0x00000000        0xc hwlib.o
 .text._ZN5hwlib20pin_invert_from_oc_t7refreshEv
                0x00000000        0x8 hwlib.o
 .text._ZN5hwlib20pin_invert_from_oc_t5flushEv
                0x00000000        0x8 hwlib.o
 .text._ZN5hwlib18all_from_pin_out_t5writeEb
                0x00000000       0x1e hwlib.o
 .text._ZN5hwlib18all_from_pin_out_t5flushEv
                0x00000000       0x1a hwlib.o
 .text._ZN5hwlib24pin_direct_from_in_out_t5writeEb
                0x00000000       0x18 hwlib.o
 .text._ZN5hwlib24pin_direct_from_in_out_t4readEv
                0x00000000       0x18 hwlib.o
 .text._ZN5hwlib24pin_direct_from_in_out_t19direction_set_inputEv
                0x00000000       0x18 hwlib.o
 .text._ZN5hwlib24pin_direct_from_in_out_t20direction_set_outputEv
                0x00000000       0x18 hwlib.o
 .text._ZN5hwlib24pin_direct_from_in_out_t5flushEv
                0x00000000        0x2 hwlib.o
 .text._ZN5hwlib24pin_direct_from_in_out_t7refreshEv
                0x00000000        0x2 hwlib.o
 .text._ZN5hwlib24pin_direct_from_in_out_t15direction_flushEv
                0x00000000        0x2 hwlib.o
 .text._ZN5hwlib20pin_direct_from_in_t4readEv
                0x00000000       0x18 hwlib.o
 .text._ZN5hwlib20pin_direct_from_in_t7refreshEv
                0x00000000        0x2 hwlib.o
 .text._ZN5hwlib21pin_direct_from_out_t5writeEb
                0x00000000       0x18 hwlib.o
 .text._ZN5hwlib21pin_direct_from_out_t5flushEv
                0x00000000        0x2 hwlib.o
 .text._ZN5hwlib20pin_direct_from_oc_t5writeEb
                0x00000000       0x18 hwlib.o
 .text._ZN5hwlib20pin_direct_from_oc_t4readEv
                0x00000000       0x18 hwlib.o
 .text._ZN5hwlib20pin_direct_from_oc_t5flushEv
                0x00000000        0x2 hwlib.o
 .text._ZN5hwlib20pin_direct_from_oc_t7refreshEv
                0x00000000        0x2 hwlib.o
 .text._ZN5hwlib18port_out_from_oc_t14number_of_pinsEv
                0x00000000        0x8 hwlib.o
 .text._ZN5hwlib18port_out_from_oc_t5writeEj
                0x00000000        0x8 hwlib.o
 .text._ZN5hwlib18port_out_from_oc_t5flushEv
                0x00000000        0x8 hwlib.o
 .text._ZN5hwlib19port_out_from_out_t14number_of_pinsEv
                0x00000000        0x8 hwlib.o
 .text._ZN5hwlib19port_out_from_out_t5writeEj
                0x00000000        0x8 hwlib.o
 .text._ZN5hwlib19port_out_from_out_t5flushEv
                0x00000000        0x8 hwlib.o
 .text._ZN5hwlib22port_out_from_in_out_t14number_of_pinsEv
                0x00000000        0x8 hwlib.o
 .text._ZN5hwlib22port_out_from_in_out_t5writeEj
                0x00000000        0x8 hwlib.o
 .text._ZN5hwlib22port_out_from_in_out_t5flushEv
                0x00000000        0x8 hwlib.o
 .text._ZN5hwlib17port_in_from_oc_t14number_of_pinsEv
                0x00000000        0x8 hwlib.o
 .text._ZN5hwlib17port_in_from_oc_t4readEv
                0x00000000        0x8 hwlib.o
 .text._ZN5hwlib17port_in_from_oc_t7refreshEv
                0x00000000        0x8 hwlib.o
 .text._ZN5hwlib17port_in_from_in_t14number_of_pinsEv
                0x00000000        0x8 hwlib.o
 .text._ZN5hwlib17port_in_from_in_t4readEv
                0x00000000        0x8 hwlib.o
 .text._ZN5hwlib17port_in_from_in_t7refreshEv
                0x00000000        0x8 hwlib.o
 .text._ZN5hwlib21port_in_from_in_out_t14number_of_pinsEv
                0x00000000        0x8 hwlib.o
 .text._ZN5hwlib21port_in_from_in_out_t4readEv
                0x00000000        0x8 hwlib.o
 .text._ZN5hwlib21port_in_from_in_out_t7refreshEv
                0x00000000        0x8 hwlib.o
 .text._ZN5hwlib21port_in_out_from_oc_t14number_of_pinsEv
                0x00000000        0x8 hwlib.o
 .text._ZN5hwlib21port_in_out_from_oc_t19direction_set_inputEv
                0x00000000        0xe hwlib.o
 .text._ZN5hwlib21port_in_out_from_oc_t20direction_set_outputEv
                0x00000000        0x6 hwlib.o
 .text._ZN5hwlib21port_in_out_from_oc_t4readEv
                0x00000000        0x8 hwlib.o
 .text._ZN5hwlib21port_in_out_from_oc_t5flushEv
                0x00000000        0x8 hwlib.o
 .text._ZN5hwlib21port_in_out_from_oc_t7refreshEv
                0x00000000        0x8 hwlib.o
 .text._ZN5hwlib21port_in_out_from_oc_t15direction_flushEv
                0x00000000        0x8 hwlib.o
 .text._ZN5hwlib25port_in_out_from_in_out_t14number_of_pinsEv
                0x00000000        0x8 hwlib.o
 .text._ZN5hwlib25port_in_out_from_in_out_t19direction_set_inputEv
                0x00000000        0x8 hwlib.o
 .text._ZN5hwlib25port_in_out_from_in_out_t20direction_set_outputEv
                0x00000000        0x8 hwlib.o
 .text._ZN5hwlib25port_in_out_from_in_out_t4readEv
                0x00000000        0x8 hwlib.o
 .text._ZN5hwlib25port_in_out_from_in_out_t5writeEj
                0x00000000        0x8 hwlib.o
 .text._ZN5hwlib25port_in_out_from_in_out_t5flushEv
                0x00000000        0x8 hwlib.o
 .text._ZN5hwlib25port_in_out_from_in_out_t7refreshEv
                0x00000000        0x8 hwlib.o
 .text._ZN5hwlib25port_in_out_from_in_out_t15direction_flushEv
                0x00000000        0x8 hwlib.o
 .text._ZN5hwlib17port_oc_from_oc_t14number_of_pinsEv
                0x00000000        0x8 hwlib.o
 .text._ZN5hwlib17port_oc_from_oc_t4readEv
                0x00000000        0x8 hwlib.o
 .text._ZN5hwlib17port_oc_from_oc_t5writeEj
                0x00000000        0x8 hwlib.o
 .text._ZN5hwlib17port_oc_from_oc_t5flushEv
                0x00000000        0x8 hwlib.o
 .text._ZN5hwlib17port_oc_from_oc_t7refreshEv
                0x00000000        0x8 hwlib.o
 .text._ZN5hwlib23port_in_out_from_pins_t14number_of_pinsEv
                0x00000000        0x4 hwlib.o
 .text._ZN5hwlib23port_in_out_from_pins_t19direction_set_inputEv
                0x00000000       0x20 hwlib.o
 .text._ZN5hwlib23port_in_out_from_pins_t20direction_set_outputEv
                0x00000000       0x20 hwlib.o
 .text._ZN5hwlib23port_in_out_from_pins_t15direction_flushEv
                0x00000000       0x20 hwlib.o
 .text._ZN5hwlib23port_in_out_from_pins_t4readEv
                0x00000000       0x2a hwlib.o
 .text._ZN5hwlib23port_in_out_from_pins_t7refreshEv
                0x00000000       0x20 hwlib.o
 .text._ZN5hwlib23port_in_out_from_pins_t5writeEj
                0x00000000       0x28 hwlib.o
 .text._ZN5hwlib23port_in_out_from_pins_t5flushEv
                0x00000000       0x20 hwlib.o
 .text._ZN5hwlib19port_in_from_pins_t14number_of_pinsEv
                0x00000000        0x4 hwlib.o
 .text._ZN5hwlib19port_in_from_pins_t4readEv
                0x00000000       0x2a hwlib.o
 .text._ZN5hwlib19port_in_from_pins_t7refreshEv
                0x00000000       0x20 hwlib.o
 .text._ZN5hwlib20port_out_from_pins_t14number_of_pinsEv
                0x00000000        0x4 hwlib.o
 .text._ZN5hwlib20port_out_from_pins_t5writeEj
                0x00000000       0x28 hwlib.o
 .text._ZN5hwlib20port_out_from_pins_t5flushEv
                0x00000000       0x20 hwlib.o
 .text._ZN5hwlib23port_out_from_pins_oc_t14number_of_pinsEv
                0x00000000        0x4 hwlib.o
 .text._ZN5hwlib23port_out_from_pins_oc_t5writeEj
                0x00000000       0x28 hwlib.o
 .text._ZN5hwlib23port_out_from_pins_oc_t5flushEv
                0x00000000       0x20 hwlib.o
 .text._ZN5hwlib19port_oc_from_pins_t14number_of_pinsEv
                0x00000000        0x4 hwlib.o
 .text._ZN5hwlib19port_oc_from_pins_t4readEv
                0x00000000       0x2a hwlib.o
 .text._ZN5hwlib19port_oc_from_pins_t5writeEj
                0x00000000       0x28 hwlib.o
 .text._ZN5hwlib19port_oc_from_pins_t7refreshEv
                0x00000000       0x20 hwlib.o
 .text._ZN5hwlib19port_oc_from_pins_t5flushEv
                0x00000000       0x20 hwlib.o
 .text._ZN5hwlib25port_invert_from_in_out_t19direction_set_inputEv
                0x00000000        0x8 hwlib.o
 .text._ZN5hwlib25port_invert_from_in_out_t20direction_set_outputEv
                0x00000000        0x8 hwlib.o
 .text._ZN5hwlib25port_invert_from_in_out_t14number_of_pinsEv
                0x00000000        0x8 hwlib.o
 .text._ZN5hwlib25port_invert_from_in_out_t4readEv
                0x00000000        0xe hwlib.o
 .text._ZN5hwlib25port_invert_from_in_out_t7refreshEv
                0x00000000        0x8 hwlib.o
 .text._ZN5hwlib25port_invert_from_in_out_t5writeEj
                0x00000000        0xa hwlib.o
 .text._ZN5hwlib25port_invert_from_in_out_t5flushEv
                0x00000000        0x8 hwlib.o
 .text._ZN5hwlib25port_invert_from_in_out_t15direction_flushEv
                0x00000000        0x8 hwlib.o
 .text._ZN5hwlib21port_invert_from_in_t14number_of_pinsEv
                0x00000000        0x8 hwlib.o
 .text._ZN5hwlib21port_invert_from_in_t4readEv
                0x00000000        0xe hwlib.o
 .text._ZN5hwlib21port_invert_from_in_t7refreshEv
                0x00000000        0x8 hwlib.o
 .text._ZN5hwlib22port_invert_from_out_t14number_of_pinsEv
                0x00000000        0x8 hwlib.o
 .text._ZN5hwlib22port_invert_from_out_t5writeEj
                0x00000000        0xa hwlib.o
 .text._ZN5hwlib22port_invert_from_out_t5flushEv
                0x00000000        0x8 hwlib.o
 .text._ZN5hwlib21port_invert_from_oc_t14number_of_pinsEv
                0x00000000        0x8 hwlib.o
 .text._ZN5hwlib21port_invert_from_oc_t4readEv
                0x00000000        0xe hwlib.o
 .text._ZN5hwlib21port_invert_from_oc_t7refreshEv
                0x00000000        0x8 hwlib.o
 .text._ZN5hwlib21port_invert_from_oc_t5writeEj
                0x00000000        0xa hwlib.o
 .text._ZN5hwlib21port_invert_from_oc_t5flushEv
                0x00000000        0x8 hwlib.o
 .text._ZN5hwlib19all_from_port_out_t5writeEb
                0x00000000       0x10 hwlib.o
 .text._ZN5hwlib19all_from_port_out_t5flushEv
                0x00000000        0x8 hwlib.o
 .text._ZN5hwlib25port_direct_from_in_out_t14number_of_pinsEv
                0x00000000        0x8 hwlib.o
 .text._ZN5hwlib25port_direct_from_in_out_t5writeEj
                0x00000000       0x18 hwlib.o
 .text._ZN5hwlib25port_direct_from_in_out_t4readEv
                0x00000000       0x18 hwlib.o
 .text._ZN5hwlib25port_direct_from_in_out_t19direction_set_inputEv
                0x00000000       0x18 hwlib.o
 .text._ZN5hwlib25port_direct_from_in_out_t20direction_set_outputEv
                0x00000000       0x18 hwlib.o
 .text._ZN5hwlib25port_direct_from_in_out_t5flushEv
                0x00000000        0x2 hwlib.o
 .text._ZN5hwlib25port_direct_from_in_out_t7refreshEv
                0x00000000        0x2 hwlib.o
 .text._ZN5hwlib25port_direct_from_in_out_t15direction_flushEv
                0x00000000        0x2 hwlib.o
 .text._ZN5hwlib21port_direct_from_in_t14number_of_pinsEv
                0x00000000        0x8 hwlib.o
 .text._ZN5hwlib21port_direct_from_in_t4readEv
                0x00000000       0x18 hwlib.o
 .text._ZN5hwlib21port_direct_from_in_t7refreshEv
                0x00000000        0x2 hwlib.o
 .text._ZN5hwlib22port_direct_from_out_t14number_of_pinsEv
                0x00000000        0x8 hwlib.o
 .text._ZN5hwlib22port_direct_from_out_t5writeEj
                0x00000000       0x18 hwlib.o
 .text._ZN5hwlib22port_direct_from_out_t5flushEv
                0x00000000        0x2 hwlib.o
 .text._ZN5hwlib21port_direct_from_oc_t14number_of_pinsEv
                0x00000000        0x8 hwlib.o
 .text._ZN5hwlib21port_direct_from_oc_t5writeEj
                0x00000000       0x18 hwlib.o
 .text._ZN5hwlib21port_direct_from_oc_t4readEv
                0x00000000       0x18 hwlib.o
 .text._ZN5hwlib21port_direct_from_oc_t5flushEv
                0x00000000        0x2 hwlib.o
 .text._ZN5hwlib21port_direct_from_oc_t7refreshEv
                0x00000000        0x2 hwlib.o
 .text._ZN5hwlib7istream11getc_nowaitEv
                0x00000000       0x1a hwlib.o
 .text._ZN5hwlib13servo_dummy_t8write_usEi
                0x00000000        0x2 hwlib.o
 .text._ZN5hwlib14servo_invert_t8write_usEi
                0x00000000       0x12 hwlib.o
 .text._ZN5hwlib11servo_all_t8write_usEi
                0x00000000       0x20 hwlib.o
 .text._ZNK5hwlib9image_8x819read_implementationENS_2xyE
                0x00000000       0x4c hwlib.o
 .text._ZN5hwlib13window_part_t5flushEv
                0x00000000        0x8 hwlib.o
 .text._ZN5hwlib15window_invert_t5flushEv
                0x00000000        0x8 hwlib.o
 .text._ZN5hwlib20pin_in_out_from_oc_t5writeEb
                0x00000000        0xe hwlib.o
 .text._ZN5hwlib20pin_oc_from_in_out_t5writeEb
                0x00000000       0x26 hwlib.o
 .text._ZN5hwlib21port_in_out_from_oc_t5writeEj
                0x00000000        0xe hwlib.o
 .text._ZN5hwlib6window20clear_implementationENS_5colorE
                0x00000000       0x6c hwlib.o
 .text._ZN5hwlib6window5clearENS_5colorE
                0x00000000       0x3c hwlib.o
 .text._ZN5hwlib3allENS_2xyE
                0x00000000       0x16 hwlib.o
 .text._ZNK5hwlib5colorngEv
                0x00000000       0x2e hwlib.o
 .text._ZN5hwlib4randEv
                0x00000000       0x1c hwlib.o
 .text._ZN5hwlib9random_inEjj
                0x00000000       0x1a hwlib.o
 .text._ZN5hwlib9random_inERKNS_2xyE
                0x00000000       0x24 hwlib.o
 .text._ZN5hwlib21pin_out_from_in_out_tC2ERNS_10pin_in_outE
                0x00000000       0x24 hwlib.o
 .text._ZN5hwlib12pin_out_fromERNS_6pin_ocE
                0x00000000        0xc hwlib.o
 .text._ZN5hwlib12pin_out_fromERNS_7pin_outE
                0x00000000        0xc hwlib.o
 .text._ZN5hwlib12pin_out_fromERNS_10pin_in_outE
                0x00000000        0xc hwlib.o
 .text._ZN5hwlib11pin_in_fromERNS_6pin_inE
                0x00000000        0xc hwlib.o
 .text._ZN5hwlib11pin_in_fromERNS_10pin_in_outE
                0x00000000       0x24 hwlib.o
 .text._ZN5hwlib11pin_in_fromERNS_6pin_ocE
                0x00000000       0x28 hwlib.o
 .text._ZN5hwlib15pin_in_out_fromERNS_6pin_ocE
                0x00000000        0xc hwlib.o
 .text._ZN5hwlib15pin_in_out_fromERNS_10pin_in_outE
                0x00000000        0xc hwlib.o
 .text._ZN5hwlib11pin_oc_fromERNS_6pin_ocE
                0x00000000        0xc hwlib.o
 .text._ZN5hwlib11pin_oc_fromERNS_10pin_in_outE
                0x00000000        0xc hwlib.o
 .text._ZN5hwlib6invertERNS_7pin_outE
                0x00000000        0xc hwlib.o
 .text._ZN5hwlib6invertERNS_6pin_inE
                0x00000000        0xc hwlib.o
 .text._ZN5hwlib6invertERNS_10pin_in_outE
                0x00000000        0xc hwlib.o
 .text._ZN5hwlib6invertERNS_6pin_ocE
                0x00000000        0xc hwlib.o
 .text._ZN5hwlib3allERNS_7pin_outES1_S1_S1_S1_S1_S1_S1_S1_S1_S1_S1_S1_S1_S1_S1_
                0x00000000       0x48 hwlib.o
 .text._ZN5hwlib6directERNS_7pin_outE
                0x00000000        0xc hwlib.o
 .text._ZN5hwlib6directERNS_6pin_inE
                0x00000000        0xc hwlib.o
 .text._ZN5hwlib6directERNS_10pin_in_outE
                0x00000000        0xc hwlib.o
 .text._ZN5hwlib6directERNS_6pin_ocE
                0x00000000        0xc hwlib.o
 .text._ZN5hwlib22port_out_from_in_out_tC2ERNS_11port_in_outE
                0x00000000       0x24 hwlib.o
 .text._ZN5hwlib13port_out_fromERNS_7port_ocE
                0x00000000        0xc hwlib.o
 .text._ZN5hwlib13port_out_fromERNS_8port_outE
                0x00000000        0xc hwlib.o
 .text._ZN5hwlib13port_out_fromERNS_11port_in_outE
                0x00000000        0xc hwlib.o
 .text._ZN5hwlib12port_in_fromERNS_7port_inE
                0x00000000        0xc hwlib.o
 .text._ZN5hwlib12port_in_fromERNS_11port_in_outE
                0x00000000       0x24 hwlib.o
 .text._ZN5hwlib12port_in_fromERNS_7port_ocE
                0x00000000       0x28 hwlib.o
 .text._ZN5hwlib16port_in_out_fromERNS_7port_ocE
                0x00000000        0xc hwlib.o
 .text._ZN5hwlib16port_in_out_fromERNS_11port_in_outE
                0x00000000        0xc hwlib.o
 .text._ZN5hwlib12port_oc_fromERNS_7port_ocE
                0x00000000        0xc hwlib.o
 .text._ZN5hwlib16port_in_out_fromERNS_10pin_in_outES1_S1_S1_S1_S1_S1_S1_S1_S1_S1_S1_S1_S1_S1_S1_
                0x00000000       0x68 hwlib.o
 .text._ZN5hwlib13port_out_fromERNS_6pin_ocES1_S1_S1_S1_S1_S1_S1_S1_S1_S1_S1_S1_S1_S1_S1_
                0x00000000       0x68 hwlib.o
 .text._ZN5hwlib13port_out_fromERNS_7pin_outES1_S1_S1_S1_S1_S1_S1_S1_S1_S1_S1_S1_S1_S1_S1_
                0x00000000       0x68 hwlib.o
 .text._ZN5hwlib12port_in_fromERNS_6pin_inES1_S1_S1_S1_S1_S1_S1_S1_S1_S1_S1_S1_S1_S1_S1_
                0x00000000       0x68 hwlib.o
 .text._ZN5hwlib12port_oc_fromERNS_6pin_ocES1_S1_S1_S1_S1_S1_S1_S1_S1_S1_S1_S1_S1_S1_S1_
                0x00000000       0x68 hwlib.o
 .text._ZN5hwlib6invertERNS_8port_outE
                0x00000000        0xc hwlib.o
 .text._ZN5hwlib6invertERNS_7port_inE
                0x00000000        0xc hwlib.o
 .text._ZN5hwlib6invertERNS_11port_in_outE
                0x00000000        0xc hwlib.o
 .text._ZN5hwlib6invertERNS_7port_ocE
                0x00000000        0xc hwlib.o
 .text._ZN5hwlib3allERNS_8port_outE
                0x00000000        0xc hwlib.o
 .text._ZN5hwlib6directERNS_8port_outE
                0x00000000        0xc hwlib.o
 .text._ZN5hwlib6directERNS_7port_inE
                0x00000000        0xc hwlib.o
 .text._ZN5hwlib6directERNS_11port_in_outE
                0x00000000        0xc hwlib.o
 .text._ZN5hwlib6directERNS_7port_ocE
                0x00000000        0xc hwlib.o
 .text._ZN5hwlib7ostreamlsEc
                0x00000000        0xe hwlib.o
 .text._ZN5hwliblsERNS_7ostreamEPKc
                0x00000000       0x60 hwlib.o
 .text._ZN5hwliblsERNS_7ostreamEi
                0x00000000       0xca hwlib.o
 .text._ZN5hwlib6strlenEPKc
                0x00000000        0xe hwlib.o
 .rodata._ZN5hwlib8test_endEv.str1.1
                0x00000000       0x54 hwlib.o
 .text._ZN5hwlib8test_endEv
                0x00000000       0x58 hwlib.o
 .text._ZN5hwlib6invertERNS_5servoE
                0x00000000       0x20 hwlib.o
 .text._ZN5hwlib3allERNS_5servoES1_S1_S1_S1_S1_S1_S1_S1_S1_S1_S1_S1_S1_S1_S1_
                0x00000000       0x5c hwlib.o
 .text._ZNK5hwlib5image4readENS_2xyE
                0x00000000       0x38 hwlib.o
 .text._ZNK5hwlib16image_mirror_y_t19read_implementationENS_2xyE
                0x00000000       0x44 hwlib.o
 .text._ZNK5hwlib16image_mirror_x_t19read_implementationENS_2xyE
                0x00000000       0x46 hwlib.o
 .text._ZNK5hwlib17image_transpose_t19read_implementationENS_2xyE
                0x00000000       0x3e hwlib.o
 .text._ZNK5hwlib14image_invert_t19read_implementationENS_2xyE
                0x00000000       0x4a hwlib.o
 .text._ZNK5hwlib12image_part_t19read_implementationENS_2xyE
                0x00000000       0x4a hwlib.o
 .text._ZN5hwlib4partERKNS_5imageENS_2xyES3_
                0x00000000       0x28 hwlib.o
 .text._ZN5hwlib6invertERKNS_5imageE
                0x00000000       0x18 hwlib.o
 .text._ZN5hwlib9transposeERKNS_5imageE
                0x00000000       0x18 hwlib.o
 .text._ZN5hwlib8mirror_xERKNS_5imageE
                0x00000000       0x18 hwlib.o
 .text._ZN5hwlib8mirror_yERKNS_5imageE
                0x00000000       0x18 hwlib.o
 .text._ZN5hwlib6window5writeENS_2xyENS_5colorE
                0x00000000       0x5c hwlib.o
 .text._ZN5hwlib15window_invert_t20write_implementationENS_2xyENS_5colorE
                0x00000000       0x24 hwlib.o
 .text._ZN5hwlib13window_part_t20write_implementationENS_2xyENS_5colorE
                0x00000000       0x2c hwlib.o
 .text._ZN5hwlib6circle4drawERNS_6windowE
                0x00000000      0x16c hwlib.o
 .text._ZN5hwlib4line4drawERNS_6windowE
                0x00000000       0xa4 hwlib.o
 .text._ZN5hwlib4partERNS_6windowENS_2xyES2_
                0x00000000       0x30 hwlib.o
 .text._ZN5hwlib6invertERNS_6windowE
                0x00000000       0x38 hwlib.o
 .text._ZN6sam3xa10SystemInitEv
                0x00000000       0x7c hwlib.o
 .rodata._ZN3due8pin_infoENS_4pinsE.str1.1
                0x00000000       0x33 hwlib.o
 .text._ZN3due8pin_infoENS_4pinsE
                0x00000000       0x20 hwlib.o
 .text._ZN3due11ad_pin_infoENS_7ad_pinsE
                0x00000000       0x1c hwlib.o
 .text._ZN3due11ad_seq_infoEm
                0x00000000       0x20 hwlib.o
 .text._ZN3due14port_registersEm
                0x00000000       0x38 hwlib.o
 .text._ZN3due12ticks_per_usEv
                0x00000000        0x6 hwlib.o
 .text._ZN3due9now_ticksEv
                0x00000000       0x7c hwlib.o
 .text._ZN3due19uart_char_availableEv
                0x00000000       0x18 hwlib.o
 .text._ZN3due9uart_getcEv
                0x00000000       0x1c hwlib.o
 .text._ZN5hwlib9uart_putcEc
                0x00000000        0x4 hwlib.o
 .text._ZN5hwlib19uart_char_availableEv
                0x00000000        0x4 hwlib.o
 .text._ZN5hwlib19cin_using_uart_getc14char_availableEv
                0x00000000        0x8 hwlib.o
 .text._ZN5hwlib9uart_getcEv
                0x00000000        0x4 hwlib.o
 .text._ZN5hwlib19cin_using_uart_getc4getcEv
                0x00000000        0x8 hwlib.o
 .text._ZN5hwlib9now_ticksEv
                0x00000000        0x8 hwlib.o
 .text._ZN5hwlib12ticks_per_usEv
                0x00000000        0x8 hwlib.o
 .text._ZN5hwlib24uart_putc_bit_banged_pinEcRNS_7pin_outE
                0x00000000       0x5e hwlib.o
 .text._ZN5hwlib12wait_ns_busyEi
                0x00000000       0x10 hwlib.o
 .text._ZN5hwlib12wait_ms_busyEi
                0x00000000       0x16 hwlib.o
 .text._ZN5hwlib7wait_usEi
                0x00000000       0x22 hwlib.o
 .text._ZN5hwlib7wait_nsEi
                0x00000000       0x14 hwlib.o
 .text._ZN5hwlib24uart_getc_bit_banged_pinERNS_6pin_inE
                0x00000000       0x74 hwlib.o
 .text._ZN5hwlib7wait_msEi
                0x00000000       0x16 hwlib.o
 .text._ZN5hwlib5blinkERNS_7pin_outEj
                0x00000000       0x38 hwlib.o
 .text._ZN5hwlib5blinkERNS_10pin_in_outEj
                0x00000000       0x14 hwlib.o
 .text._ZN5hwlib5blinkERNS_6pin_ocEj
                0x00000000       0x14 hwlib.o
 .text._ZN5hwlib5blinkERNS_7pin_outEjj
                0x00000000       0x42 hwlib.o
 .text._ZN5hwlib5blinkERNS_6pin_ocEjj
                0x00000000       0x18 hwlib.o
 .text._ZN5hwlib5blinkERNS_10pin_in_outEjj
                0x00000000       0x1c hwlib.o
 .text._ZN5hwlib4kittERNS_8port_outEj
                0x00000000       0x50 hwlib.o
 .text._ZN5hwlib4kittERNS_11port_in_outEj
                0x00000000       0x14 hwlib.o
 .text._ZN5hwlib4kittERNS_7port_ocEj
                0x00000000       0x14 hwlib.o
 .text._ZN5hwlib5snakeERNS_8port_outEj
                0x00000000       0x30 hwlib.o
 .text._ZN5hwlib5snakeERNS_11port_in_outEj
                0x00000000       0x14 hwlib.o
 .text._ZN5hwlib5snakeERNS_7port_ocEj
                0x00000000       0x14 hwlib.o
 .text._ZN5hwlib14scrolling_textERNS_8terminalEPKcjjj
                0x00000000       0x64 hwlib.o
 .text._ZN5hwlib12dac_triangleERNS_3dacEj
                0x00000000       0x36 hwlib.o
 .text._ZN5hwlib21graphics_random_linesERNS_6windowEjRKNS_5colorE
                0x00000000       0x8c hwlib.o
 .text._ZN5hwlib23graphics_random_circlesERNS_6windowEjRKNS_5colorE
                0x00000000       0x98 hwlib.o
 .rodata._ZTVN5hwlib18pin_in_out_dummy_tE
                0x00000000       0x24 hwlib.o
 .rodata._ZTVN5hwlib14pin_in_dummy_tE
                0x00000000       0x10 hwlib.o
 .rodata._ZTVN5hwlib15pin_out_dummy_tE
                0x00000000       0x10 hwlib.o
 .rodata._ZTVN5hwlib14pin_oc_dummy_tE
                0x00000000       0x18 hwlib.o
 .rodata._ZTVN5hwlib17pin_out_from_oc_tE
                0x00000000       0x10 hwlib.o
 .rodata._ZTVN5hwlib18pin_out_from_out_tE
                0x00000000       0x10 hwlib.o
 .rodata._ZTVN5hwlib21pin_out_from_in_out_tE
                0x00000000       0x10 hwlib.o
 .rodata._ZTVN5hwlib16pin_in_from_oc_tE
                0x00000000       0x10 hwlib.o
 .rodata._ZTVN5hwlib16pin_in_from_in_tE
                0x00000000       0x10 hwlib.o
 .rodata._ZTVN5hwlib20pin_in_from_in_out_tE
                0x00000000       0x10 hwlib.o
 .rodata._ZTVN5hwlib20pin_in_out_from_oc_tE
                0x00000000       0x24 hwlib.o
 .rodata._ZTVN5hwlib24pin_in_out_from_in_out_tE
                0x00000000       0x24 hwlib.o
 .rodata._ZTVN5hwlib16pin_oc_from_oc_tE
                0x00000000       0x18 hwlib.o
 .rodata._ZTVN5hwlib20pin_oc_from_in_out_tE
                0x00000000       0x18 hwlib.o
 .rodata._ZTVN5hwlib21pin_invert_from_out_tE
                0x00000000       0x10 hwlib.o
 .rodata._ZTVN5hwlib20pin_invert_from_in_tE
                0x00000000       0x10 hwlib.o
 .rodata._ZTVN5hwlib24pin_invert_from_in_out_tE
                0x00000000       0x24 hwlib.o
 .rodata._ZTVN5hwlib20pin_invert_from_oc_tE
                0x00000000       0x18 hwlib.o
 .rodata._ZTVN5hwlib18all_from_pin_out_tE
                0x00000000       0x10 hwlib.o
 .rodata._ZTVN5hwlib24pin_direct_from_in_out_tE
                0x00000000       0x24 hwlib.o
 .rodata._ZTVN5hwlib20pin_direct_from_in_tE
                0x00000000       0x10 hwlib.o
 .rodata._ZTVN5hwlib21pin_direct_from_out_tE
                0x00000000       0x10 hwlib.o
 .rodata._ZTVN5hwlib20pin_direct_from_oc_tE
                0x00000000       0x18 hwlib.o
 .rodata._ZTVN5hwlib18port_out_from_oc_tE
                0x00000000       0x14 hwlib.o
 .rodata._ZTVN5hwlib19port_out_from_out_tE
                0x00000000       0x14 hwlib.o
 .rodata._ZTVN5hwlib22port_out_from_in_out_tE
                0x00000000       0x14 hwlib.o
 .rodata._ZTVN5hwlib17port_in_from_oc_tE
                0x00000000       0x14 hwlib.o
 .rodata._ZTVN5hwlib17port_in_from_in_tE
                0x00000000       0x14 hwlib.o
 .rodata._ZTVN5hwlib21port_in_from_in_out_tE
                0x00000000       0x14 hwlib.o
 .rodata._ZTVN5hwlib21port_in_out_from_oc_tE
                0x00000000       0x28 hwlib.o
 .rodata._ZTVN5hwlib25port_in_out_from_in_out_tE
                0x00000000       0x28 hwlib.o
 .rodata._ZTVN5hwlib17port_oc_from_oc_tE
                0x00000000       0x1c hwlib.o
 .rodata._ZTVN5hwlib23port_in_out_from_pins_tE
                0x00000000       0x28 hwlib.o
 .rodata._ZTVN5hwlib19port_in_from_pins_tE
                0x00000000       0x14 hwlib.o
 .rodata._ZTVN5hwlib20port_out_from_pins_tE
                0x00000000       0x14 hwlib.o
 .rodata._ZTVN5hwlib23port_out_from_pins_oc_tE
                0x00000000       0x14 hwlib.o
 .rodata._ZTVN5hwlib19port_oc_from_pins_tE
                0x00000000       0x1c hwlib.o
 .rodata._ZTVN5hwlib25port_invert_from_in_out_tE
                0x00000000       0x28 hwlib.o
 .rodata._ZTVN5hwlib21port_invert_from_in_tE
                0x00000000       0x14 hwlib.o
 .rodata._ZTVN5hwlib22port_invert_from_out_tE
                0x00000000       0x14 hwlib.o
 .rodata._ZTVN5hwlib21port_invert_from_oc_tE
                0x00000000       0x1c hwlib.o
 .rodata._ZTVN5hwlib19all_from_port_out_tE
                0x00000000       0x10 hwlib.o
 .rodata._ZTVN5hwlib25port_direct_from_in_out_tE
                0x00000000       0x28 hwlib.o
 .rodata._ZTVN5hwlib21port_direct_from_in_tE
                0x00000000       0x14 hwlib.o
 .rodata._ZTVN5hwlib22port_direct_from_out_tE
                0x00000000       0x14 hwlib.o
 .rodata._ZTVN5hwlib21port_direct_from_oc_tE
                0x00000000       0x1c hwlib.o
 .rodata._ZTVN5hwlib19cin_using_uart_getcE
                0x00000000       0x14 hwlib.o
 .rodata._ZTVN5hwlib13servo_dummy_tE
                0x00000000        0xc hwlib.o
 .rodata._ZTVN5hwlib14servo_invert_tE
                0x00000000        0xc hwlib.o
 .rodata._ZTVN5hwlib11servo_all_tE
                0x00000000        0xc hwlib.o
 .rodata._ZTVN5hwlib9image_8x8E
                0x00000000        0xc hwlib.o
 .rodata._ZTVN5hwlib12image_part_tE
                0x00000000        0xc hwlib.o
 .rodata._ZTVN5hwlib14image_invert_tE
                0x00000000        0xc hwlib.o
 .rodata._ZTVN5hwlib17image_transpose_tE
                0x00000000        0xc hwlib.o
 .rodata._ZTVN5hwlib16image_mirror_x_tE
                0x00000000        0xc hwlib.o
 .rodata._ZTVN5hwlib16image_mirror_y_tE
                0x00000000        0xc hwlib.o
 .rodata._ZTVN5hwlib4lineE
                0x00000000        0xc hwlib.o
 .rodata._ZTVN5hwlib6circleE
                0x00000000        0xc hwlib.o
 .rodata._ZTVN5hwlib13window_part_tE
                0x00000000       0x18 hwlib.o
 .rodata._ZTVN5hwlib15window_invert_tE
                0x00000000       0x18 hwlib.o
 .bss._ZN5hwlib11string_base5dummyE
                0x00000000        0x1 hwlib.o
 .bss._ZN5hwlib18_equal_calls_countE
                0x00000000        0x4 hwlib.o
 .bss._ZN5hwlib18random_chain_valueE
                0x00000000        0x4 hwlib.o
 .bss._ZN5hwlib21_equal_failures_countE
                0x00000000        0x4 hwlib.o
 .bss._ZZN3due9now_ticksEvE4high
                0x00000000        0x8 hwlib.o
 .bss._ZZN3due9now_ticksEvE8last_low
                0x00000000        0x4 hwlib.o
 .bss._ZZN3due9now_ticksEvE9init_done
                0x00000000        0x1 hwlib.o
 .data._ZN5hwlib11servo_dummyE
                0x00000000       0x14 hwlib.o
 .data._ZN5hwlib12pin_in_dummyE
                0x00000000        0x4 hwlib.o
 .data._ZN5hwlib12pin_oc_dummyE
                0x00000000        0x4 hwlib.o
 .data._ZN5hwlib13pin_out_dummyE
                0x00000000        0x4 hwlib.o
 .data._ZN5hwlib16pin_in_out_dummyE
                0x00000000        0x4 hwlib.o
 .data._ZN5hwlib3cinE
                0x00000000        0x4 hwlib.o
 .data._ZN6sam3xa15SystemCoreClockE
                0x00000000        0x4 hwlib.o
 .rodata._ZN5hwlib15font_16x16_dataE
                0x00000000      0xbe4 hwlib.o
 .rodata._ZN5hwlib16font_default_8x86imagesE
                0x00000000      0xa00 hwlib.o
 .rodata._ZN5hwlibL11unspecifiedE
                0x00000000        0x4 hwlib.o
 .rodata._ZN5hwlibL5blackE
                0x00000000        0x4 hwlib.o
 .rodata._ZN5hwlibL5whiteE
                0x00000000        0x4 hwlib.o
 .rodata._ZZN3due11ad_pin_infoENS_7ad_pinsEE17ad_pin_info_array
                0x00000000        0xc hwlib.o
 .rodata._ZZN3due11ad_seq_infoEmE12ad_seq_array
                0x00000000       0x70 hwlib.o
 .rodata._ZZN3due8pin_infoENS_4pinsEE14pin_info_array
                0x00000000       0xa4 hwlib.o
 .group         0x00000000        0x8 main.o
 .group         0x00000000        0x8 main.o
 .group         0x00000000        0x8 main.o
 .group         0x00000000        0x8 main.o
 .group         0x00000000        0x8 main.o
 .group         0x00000000        0x8 main.o
 .group         0x00000000        0xc main.o
 .group         0x00000000        0xc main.o
 .group         0x00000000        0xc main.o
 .group         0x00000000        0x8 main.o
 .group         0x00000000        0xc main.o
 .group         0x00000000        0xc main.o
 .group         0x00000000        0xc main.o
 .group         0x00000000        0xc main.o
 .group         0x00000000        0xc main.o
 .group         0x00000000        0xc main.o
 .group         0x00000000        0xc main.o
 .group         0x00000000        0xc main.o
 .group         0x00000000        0x8 main.o
 .group         0x00000000        0xc main.o
 .group         0x00000000        0xc main.o
 .group         0x00000000        0xc main.o
 .group         0x00000000        0xc main.o
 .group         0x00000000        0xc main.o
 .group         0x00000000        0xc main.o
 .group         0x00000000        0xc main.o
 .group         0x00000000        0xc main.o
 .group         0x00000000        0xc main.o
 .group         0x00000000        0xc main.o
 .group         0x00000000        0xc main.o
 .group         0x00000000        0xc main.o
 .group         0x00000000        0xc main.o
 .group         0x00000000        0xc main.o
 .group         0x00000000        0xc main.o
 .group         0x00000000        0xc main.o
 .group         0x00000000        0xc main.o
 .text          0x00000000        0x0 main.o
 .data          0x00000000        0x0 main.o
 .bss           0x00000000        0x0 main.o
 .text._ZN3due8d2_36kHz5writeEb
                0x00000000       0x18 main.o
 .text._ZN3due8d2_36kHz5flushEv
                0x00000000        0x2 main.o
 .text._ZN4rtos8waitable5clearEv
                0x00000000        0xa main.o
 .text._ZN5hwlib7ostreamlsEc
                0x00000000        0xe main.o
 .text._ZN5hwliblsERNS_7ostreamEPKc
                0x00000000       0x60 main.o
 .text._ZN5hwliblsERNS_7ostreamEi
                0x00000000       0xca main.o
 .text._ZN6sam3xa10SystemInitEv
                0x00000000       0x7c main.o
 .rodata._ZN3due8pin_infoENS_4pinsE.str1.1
                0x00000000       0x33 main.o
 .text._ZN3due8pin_infoENS_4pinsE
                0x00000000       0x20 main.o
 .text._ZN3due11ad_pin_infoENS_7ad_pinsE
                0x00000000       0x1c main.o
 .text._ZN3due11ad_seq_infoEm
                0x00000000       0x20 main.o
 .text._ZN3due14port_registersEm
                0x00000000       0x38 main.o
 .text._ZN3due12ticks_per_usEv
                0x00000000        0x6 main.o
 .text._ZN3due9now_ticksEv
                0x00000000       0x7c main.o
 .text._ZN5hwlib9uart_putcEc
                0x00000000        0x4 main.o
 .text._ZN5hwlib19uart_char_availableEv
                0x00000000        0x4 main.o
 .text._ZN5hwlib9uart_getcEv
                0x00000000        0x4 main.o
 .rodata._ZN4rtos12channel_baseD2Ev.str1.1
                0x00000000       0x1a main.o
 .text._ZN4rtos12channel_baseD2Ev
                0x00000000       0x30 main.o
 .rodata._ZTVN4rtos12channel_baseE
                0x00000000        0xc main.o
 .bss._ZZN3due9now_ticksEvE4high
                0x00000000        0x8 main.o
 .bss._ZZN3due9now_ticksEvE8last_low
                0x00000000        0x4 main.o
 .bss._ZZN3due9now_ticksEvE9init_done
                0x00000000        0x1 main.o
 .data._ZN6sam3xa15SystemCoreClockE
                0x00000000        0x4 main.o
 .rodata._ZZN3due11ad_pin_infoENS_7ad_pinsEE17ad_pin_info_array
                0x00000000        0xc main.o
 .rodata._ZZN3due11ad_seq_infoEmE12ad_seq_array
                0x00000000       0x70 main.o
 .rodata._ZZN3due8pin_infoENS_4pinsEE14pin_info_array
                0x00000000       0xa4 main.o
 .text          0x00000000        0x0 bmptk_cortex.o
 .data          0x00000000        0x0 bmptk_cortex.o
 .bss           0x00000000        0x0 bmptk_cortex.o
 .text.__aeabi_idiv0
                0x00000000        0x4 bmptk_cortex.o
 COMMON         0x00000000        0x4 bmptk_cortex.o
 .text          0x00000000        0x0 bmptk_heap_bmptk.o
 .data          0x00000000        0x0 bmptk_heap_bmptk.o
 .bss           0x00000000        0x0 bmptk_heap_bmptk.o
 .text.free     0x00000000        0x4 bmptk_heap_bmptk.o
 .text          0x00000000        0x0 bmptk_fixed_size_stack.o
 .data          0x00000000        0x0 bmptk_fixed_size_stack.o
 .bss           0x00000000        0x0 bmptk_fixed_size_stack.o
 .data          0x00000000        0x0 d:/ti_software/gcc-arm-none-eabi-9-2019-q4-major-win32/bin/../lib/gcc/arm-none-eabi/9.2.1/thumb/v7-m/nofp\libgcc.a(_aeabi_ldivmod.o)
 .bss           0x00000000        0x0 d:/ti_software/gcc-arm-none-eabi-9-2019-q4-major-win32/bin/../lib/gcc/arm-none-eabi/9.2.1/thumb/v7-m/nofp\libgcc.a(_aeabi_ldivmod.o)
 .data          0x00000000        0x0 d:/ti_software/gcc-arm-none-eabi-9-2019-q4-major-win32/bin/../lib/gcc/arm-none-eabi/9.2.1/thumb/v7-m/nofp\libgcc.a(_aeabi_uldivmod.o)
 .bss           0x00000000        0x0 d:/ti_software/gcc-arm-none-eabi-9-2019-q4-major-win32/bin/../lib/gcc/arm-none-eabi/9.2.1/thumb/v7-m/nofp\libgcc.a(_aeabi_uldivmod.o)
 .data          0x00000000        0x0 d:/ti_software/gcc-arm-none-eabi-9-2019-q4-major-win32/bin/../lib/gcc/arm-none-eabi/9.2.1/thumb/v7-m/nofp\libgcc.a(_udivmoddi4.o)
 .bss           0x00000000        0x0 d:/ti_software/gcc-arm-none-eabi-9-2019-q4-major-win32/bin/../lib/gcc/arm-none-eabi/9.2.1/thumb/v7-m/nofp\libgcc.a(_udivmoddi4.o)
 .ARM.extab     0x00000000        0x0 d:/ti_software/gcc-arm-none-eabi-9-2019-q4-major-win32/bin/../lib/gcc/arm-none-eabi/9.2.1/thumb/v7-m/nofp\libgcc.a(_udivmoddi4.o)
 .data          0x00000000        0x0 d:/ti_software/gcc-arm-none-eabi-9-2019-q4-major-win32/bin/../lib/gcc/arm-none-eabi/9.2.1/thumb/v7-m/nofp\libgcc.a(_dvmd_tls.o)
 .bss           0x00000000        0x0 d:/ti_software/gcc-arm-none-eabi-9-2019-q4-major-win32/bin/../lib/gcc/arm-none-eabi/9.2.1/thumb/v7-m/nofp\libgcc.a(_dvmd_tls.o)
 .text          0x00000000        0x0 d:/ti_software/gcc-arm-none-eabi-9-2019-q4-major-win32/bin/../lib/gcc/arm-none-eabi/9.2.1/../../../../arm-none-eabi/lib/thumb/v7-m/nofp\libc.a(lib_a-memset.o)
 .data          0x00000000        0x0 d:/ti_software/gcc-arm-none-eabi-9-2019-q4-major-win32/bin/../lib/gcc/arm-none-eabi/9.2.1/../../../../arm-none-eabi/lib/thumb/v7-m/nofp\libc.a(lib_a-memset.o)
 .bss           0x00000000        0x0 d:/ti_software/gcc-arm-none-eabi-9-2019-q4-major-win32/bin/../lib/gcc/arm-none-eabi/9.2.1/../../../../arm-none-eabi/lib/thumb/v7-m/nofp\libc.a(lib_a-memset.o)

Memory Configuration

Name             Origin             Length             Attributes
rom              0x00000000         0x00080000         xr
ram              0x20070000         0x00018000         xrw
nul              0x20088000         0x00000000         xrw
*default*        0x00000000         0xffffffff

Linker script and memory map

LOAD d:/ti_software/gcc-arm-none-eabi-9-2019-q4-major-win32/bin/../lib/gcc/arm-none-eabi/9.2.1/thumb/v7-m/nofp\libgcc.a
LOAD switch_to.o
LOAD coroutine.o
LOAD rtos.o
LOAD hwlib.o
LOAD main.o
LOAD bmptk_cortex.o
LOAD bmptk_heap_bmptk.o
LOAD bmptk_fixed_size_stack.o
LOAD d:/ti_software/gcc-arm-none-eabi-9-2019-q4-major-win32/bin/../lib/gcc/arm-none-eabi/9.2.1/../../../../arm-none-eabi/lib/thumb/v7-m/nofp\libm.a
LOAD d:/ti_software/gcc-arm-none-eabi-9-2019-q4-major-win32/bin/../lib/gcc/arm-none-eabi/9.2.1/thumb/v7-m/nofp\libgcc.a
LOAD d:/ti_software/gcc-arm-none-eabi-9-2019-q4-major-win32/bin/../lib/gcc/arm-none-eabi/9.2.1/../../../../arm-none-eabi/lib/thumb/v7-m/nofp\libc.a
                0x00000000                __rom_start = ORIGIN (rom)
                0x00080000                __rom_size = LENGTH (rom)
                0x00080000                __rom_end = (__rom_start + __rom_size)
                0x20070000                __ram_start = ORIGIN (ram)
                0x00018000                __ram_size = LENGTH (ram)
                0x20088000                __ram_end = (__ram_start + __ram_size)
                [!provide]                PROVIDE (__rom_start = __rom_start)
                [!provide]                PROVIDE (__rom_size = __rom_size)
                [!provide]                PROVIDE (__rom_end = __rom_end)
                [!provide]                PROVIDE (__ram_start = __ram_start)
                [!provide]                PROVIDE (__ram_size = __ram_size)
                [!provide]                PROVIDE (__ram_end = __ram_end)

.text           0x00000000     0x2754
                0x00000000                . = ALIGN (0x4)
                0x00000000                __text_start = .
                [!provide]                PROVIDE (__text_start = __text_start)
                0x00000000                . = ALIGN (0x4)
 *(.vectors)
 .vectors       0x00000000       0x40 bmptk_cortex.o
                0x00000000                __vectors
                0x00000040                . = ALIGN (0x4)
 *(.EXTI)
 .EXTI          0x00000040       0x78 bmptk_cortex.o
                0x00000040                __externalISR
                0x000000b8                . = ALIGN (0x4)
 *(.text .text.* .gnu.linkonce.t.*)
 .text          0x000000b8       0x24 switch_to.o
                0x000000b8                switch_from_to
 .text._ZN6sam3xa10SystemInitEv
                0x000000dc       0x7c coroutine.o
                0x000000dc                sam3xa::SystemInit()
 .text._ZN3due8pin_infoENS_4pinsE
                0x00000158       0x20 coroutine.o
                0x00000158                due::pin_info(due::pins)
 .text._ZN3due14port_registersEm
                0x00000178       0x38 coroutine.o
                0x00000178                due::port_registers(unsigned long)
 .text._ZN3due12ticks_per_usEv
                0x000001b0        0x6 coroutine.o
                0x000001b0                due::ticks_per_us()
 *fill*         0x000001b6        0x2 
 .text._ZN3due9now_ticksEv
                0x000001b8       0x7c coroutine.o
                0x000001b8                due::now_ticks()
 .text._ZN5hwlib9uart_putcEc
                0x00000234        0x4 coroutine.o
                0x00000234                hwlib::uart_putc(char)
 .text._ZN4rtos8callback6cancelEv
                0x00000238        0xa rtos.o
                0x00000238                rtos::callback::cancel()
 .text._ZN5hwlib7ostream7reverse10add_prefixERKS0_.part.0
                0x00000242       0x46 rtos.o
 .text._ZN5hwlib7ostreamlsEc
                0x00000288        0xe rtos.o
                0x00000288                hwlib::ostream::operator<<(char)
 .text._ZN5hwliblsERNS_7ostreamEPKc
                0x00000296       0x60 rtos.o
                0x00000296                hwlib::operator<<(hwlib::ostream&, char const*)
 .text._ZN5hwliblsERNS_7ostreamEi
                0x000002f6       0x94 rtos.o
                0x000002f6                hwlib::operator<<(hwlib::ostream&, int)
 .text._ZN5hwliblsERNS_7ostreamEx
                0x0000038a       0xc2 rtos.o
                0x0000038a                hwlib::operator<<(hwlib::ostream&, long long)
 .text._ZN5hwliblsERNS_7ostreamEj
                0x0000044c        0xc rtos.o
                0x0000044c                hwlib::operator<<(hwlib::ostream&, unsigned int)
 .text._Z6strlenPKc
                0x00000458        0xe rtos.o
                0x00000458                strlen(char const*)
 .text._Z6strcpyPcPKc
                0x00000466       0x14 rtos.o
                0x00000466                strcpy(char*, char const*)
 .text._Z15string_allocatePKc
                0x0000047a       0x26 rtos.o
                0x0000047a                string_allocate(char const*)
 .text._Z12nr_from_maskj
                0x000004a0       0x1a rtos.o
                0x000004a0                nr_from_mask(unsigned int)
 *fill*         0x000004ba        0x2 
 .text._Z15task_trampolinev
                0x000004bc       0x34 rtos.o
                0x000004bc                task_trampoline()
 .text._ZN4rtos9task_base7releaseEv
                0x000004f0       0x24 rtos.o
                0x000004f0                rtos::task_base::release()
 .text._ZN4rtos9task_base7suspendEv
                0x00000514        0x8 rtos.o
                0x00000514                rtos::task_base::suspend()
 .text._ZN4rtos9task_base6resumeEv
                0x0000051c        0x8 rtos.o
                0x0000051c                rtos::task_base::resume()
 .text._ZN4rtos9task_base7unblockEv
                0x00000524       0x14 rtos.o
                0x00000524                rtos::task_base::unblock()
 .text._ZN4rtos9task_base5blockEv
                0x00000538       0x70 rtos.o
                0x00000538                rtos::task_base::block()
 .text._ZNK4rtos9task_base5printERN5hwlib7ostreamEb
                0x000005a8      0x158 rtos.o
                0x000005a8                rtos::task_base::print(hwlib::ostream&, bool) const
 .text._ZNK4rtos4flag5printERN5hwlib7ostreamEb
                0x00000700       0xcc rtos.o
                0x00000700                rtos::flag::print(hwlib::ostream&, bool) const
 .text._ZNK4rtos5timer5printERN5hwlib7ostreamEb
                0x000007cc       0xd0 rtos.o
                0x000007cc                rtos::timer::print(hwlib::ostream&, bool) const
 .text._ZNK4rtos5clock5printERN5hwlib7ostreamEb
                0x0000089c       0xd4 rtos.o
                0x0000089c                rtos::clock::print(hwlib::ostream&, bool) const
 .text._ZN4rtos12waitable_set17waitable_allocateEv
                0x00000970       0x38 rtos.o
                0x00000970                rtos::waitable_set::waitable_allocate()
 .text._ZN4rtos8waitableC2EPNS_9task_baseEPKc
                0x000009a8       0x2c rtos.o
                0x000009a8                rtos::waitable::waitable(rtos::task_base*, char const*)
                0x000009a8                rtos::waitable::waitable(rtos::task_base*, char const*)
 .text._ZN4rtos12waitable_set3setERKNS_8waitableE
                0x000009d4       0x14 rtos.o
                0x000009d4                rtos::waitable_set::set(rtos::waitable const&)
 .text._ZN4rtos5timer7time_upEv
                0x000009e8       0x10 rtos.o
                0x000009e8                rtos::timer::time_up()
                0x000009f2                non-virtual thunk to rtos::timer::time_up()
 .text._ZN4rtos12waitable_set5clearERKNS_8waitableE
                0x000009f8        0xc rtos.o
                0x000009f8                rtos::waitable_set::clear(rtos::waitable const&)
 .text._ZN4rtos8waitable5clearEv
                0x00000a04        0xa rtos.o
                0x00000a04                rtos::waitable::clear()
 .text._ZN4rtos5timer6cancelEv
                0x00000a0e       0x16 rtos.o
                0x00000a0e                rtos::timer::cancel()
 .text._ZThn16_N4rtos5timer6cancelEv
                0x00000a24        0x8 rtos.o
                0x00000a24                non-virtual thunk to rtos::timer::cancel()
 .text._ZN4rtos12waitable_set4waitEj
                0x00000a2c       0x64 rtos.o
                0x00000a2c                rtos::waitable_set::wait(unsigned int)
 .text._ZNK4rtos5mutex5printERN5hwlib7ostreamEb
                0x00000a90       0xec rtos.o
                0x00000a90                rtos::mutex::print(hwlib::ostream&, bool) const
 .text._ZNK4rtos12channel_base5printERN5hwlib7ostreamEb
                0x00000b7c       0xe0 rtos.o
                0x00000b7c                rtos::channel_base::print(hwlib::ostream&, bool) const
 .text._ZNK4rtos9pool_base5printERN5hwlib7ostreamEb
                0x00000c5c       0x78 rtos.o
                0x00000c5c                rtos::pool_base::print(hwlib::ostream&, bool) const
 .text._ZNK4rtos12mailbox_base5printERN5hwlib7ostreamEb
                0x00000cd4       0xc4 rtos.o
                0x00000cd4                rtos::mailbox_base::print(hwlib::ostream&, bool) const
 .text._ZN4rtos3addEPNS_5timerE
                0x00000d98       0x10 rtos.o
                0x00000d98                rtos::add(rtos::timer*)
 .text._ZN4rtos3addEPNS_12channel_baseE
                0x00000da8       0x10 rtos.o
                0x00000da8                rtos::add(rtos::channel_base*)
 .text._ZN4rtos12channel_baseC2EPNS_9task_baseEPKc
                0x00000db8       0x30 rtos.o
                0x00000db8                rtos::channel_base::channel_base(rtos::task_base*, char const*)
                0x00000db8                rtos::channel_base::channel_base(rtos::task_base*, char const*)
 .text._ZN4rtos5printERN5hwlib7ostreamE
                0x00000de8      0x1b4 rtos.o
                0x00000de8                rtos::print(hwlib::ostream&)
 .text._ZN4rtos4beatEv
                0x00000f9c      0x14c rtos.o
                0x00000f9c                rtos::beat()
 .text._ZN4rtos3runEv
                0x000010e8       0x20 rtos.o
                0x000010e8                rtos::run()
 .text._ZN4rtos3addEPNS_8callbackE
                0x00001108       0x10 rtos.o
                0x00001108                rtos::add(rtos::callback*)
 .text._ZN4rtos8callbackC2EPKc
                0x00001118       0x28 rtos.o
                0x00001118                rtos::callback::callback(char const*)
                0x00001118                rtos::callback::callback(char const*)
 .text._ZN4rtos5timerC2EPNS_9task_baseEPKc
                0x00001140       0x34 rtos.o
                0x00001140                rtos::timer::timer(rtos::task_base*, char const*)
                0x00001140                rtos::timer::timer(rtos::task_base*, char const*)
 .text._ZN4rtos3addEPNS_9task_baseE
                0x00001174       0x74 rtos.o
                0x00001174                rtos::add(rtos::task_base*)
 .text._ZN4rtos9task_baseC2ER9coroutineILl0EEjPKc
                0x000011e8       0x48 rtos.o
                0x000011e8                rtos::task_base::task_base(coroutine<0l>&, unsigned int, char const*)
                0x000011e8                rtos::task_base::task_base(coroutine<0l>&, unsigned int, char const*)
 .text._ZN4rtos18display_statisticsEv
                0x00001230       0x28 rtos.o
                0x00001230                rtos::display_statistics()
 .text._ZN5hwlib7wait_usEi
                0x00001258       0x3c rtos.o
                0x00001258                hwlib::wait_us(int)
 .text._ZN5hwlib7wait_msEi
                0x00001294       0x16 rtos.o
                0x00001294                hwlib::wait_ms(int)
 .text._ZN5hwlib20cout_using_uart_putc5flushEv
                0x000012aa        0x2 hwlib.o
                0x000012aa                hwlib::cout_using_uart_putc::flush()
 .text._ZN5hwlib5panicEPKcj
                0x000012ac        0x2 hwlib.o
                0x000012ac                hwlib::panic(char const*, unsigned int)
 *fill*         0x000012ae        0x2 
 .text._ZN5hwlib15background_base18do_background_workEv
                0x000012b0       0x3c hwlib.o
                0x000012b0                hwlib::background_base::do_background_work()
 .text._ZN3due9uart_initEv
                0x000012ec       0x60 hwlib.o
                0x000012ec                due::uart_init()
 .text._ZN3due9uart_putcEc
                0x0000134c       0x20 hwlib.o
                0x0000134c                due::uart_putc(char)
 .text._ZN5hwlib20cout_using_uart_putc4putcEc
                0x0000136c        0xa hwlib.o
                0x0000136c                hwlib::cout_using_uart_putc::putc(char)
 .text._ZN5hwlib6now_usEv
                0x00001376       0x1c hwlib.o
                0x00001376                hwlib::now_us()
 .text._ZN5hwlib12wait_us_busyEi
                0x00001392       0x1c hwlib.o
                0x00001392                hwlib::wait_us_busy(int)
 .text._ZN3due6pin_in4readEv
                0x000013ae       0x10 main.o
                0x000013ae                due::pin_in::read()
 .text._ZN3due6pin_in7refreshEv
                0x000013be        0x2 main.o
                0x000013be                due::pin_in::refresh()
 .text._ZN3due7pin_out5writeEb
                0x000013c0        0xe main.o
                0x000013c0                due::pin_out::write(bool)
 .text._ZN3due7pin_out5flushEv
                0x000013ce        0x2 main.o
                0x000013ce                due::pin_out::flush()
 .text._ZN4rtos7channelIjLi100EE5clearEv
                0x000013d0       0x10 main.o
                0x000013d0                rtos::channel<unsigned int, 100>::clear()
 .text.startup._ZN19SignalPauseDetector4mainEv
                0x000013e0       0xb6 main.o
                0x000013e0                SignalPauseDetector::main()
 *fill*         0x00001496        0x2 
 .text.startup._ZN6Logger4mainEv
                0x00001498      0x120 main.o
                0x00001498                Logger::main()
 .text._ZN3due6pin_inC2ENS_4pinsE
                0x000015b8       0x34 main.o
                0x000015b8                due::pin_in::pin_in(due::pins)
                0x000015b8                due::pin_in::pin_in(due::pins)
 .text._ZN3due7pin_outC2ENS_4pinsE
                0x000015ec       0x34 main.o
                0x000015ec                due::pin_out::pin_out(due::pins)
                0x000015ec                due::pin_out::pin_out(due::pins)
 .text._ZN4rtos9task_baseD2Ev
                0x00001620       0x30 main.o
                0x00001620                rtos::task_base::~task_base()
                0x00001620                rtos::task_base::~task_base()
 .text._ZN6Logger13IncreaseCountEv
                0x00001650       0x3a main.o
                0x00001650                Logger::IncreaseCount()
 *fill*         0x0000168a        0x2 
 .text._ZN4rtos4taskILi4096EEC2EPKc
                0x0000168c       0x58 main.o
                0x0000168c                rtos::task<4096>::task(char const*)
                0x0000168c                rtos::task<4096>::task(char const*)
 .text.startup.main
                0x000016e4      0x284 main.o
                0x000016e4                main
 .text._ZN4rtos7channelIjLi100EE5writeEj
                0x00001968       0x42 main.o
                0x00001968                rtos::channel<unsigned int, 100>::write(unsigned int)
 .text._ZN9MsgLogger15messageRecievedEyj
                0x000019aa       0x1a main.o
                0x000019aa                MsgLogger::messageRecieved(unsigned long long, unsigned int)
                0x000019ba                non-virtual thunk to MsgLogger::messageRecieved(unsigned long long, unsigned int)
 .text._ZN11NecReciever14signalDetectedEi
                0x000019c4       0x3a main.o
                0x000019c4                NecReciever::signalDetected(int)
                0x000019f4                non-virtual thunk to NecReciever::signalDetected(int)
 .text._ZN11NecReciever13pauseDetectedEi
                0x000019fe       0x18 main.o
                0x000019fe                NecReciever::pauseDetected(int)
                0x00001a0c                non-virtual thunk to NecReciever::pauseDetected(int)
 *fill*         0x00001a16        0x2 
 .text._ZN4rtos7channelIjLi100EE4readEv
                0x00001a18       0x74 main.o
                0x00001a18                rtos::channel<unsigned int, 100>::read()
 .text.startup._ZN9MsgLogger4mainEv
                0x00001a8c       0x1c main.o
                0x00001a8c                MsgLogger::main()
 .text.startup._ZN11NecReciever4mainEv
                0x00001aa8      0x234 main.o
                0x00001aa8                NecReciever::main()
 .text.__startup
                0x00001cdc       0x40 bmptk_cortex.o
                0x00001cdc                __startup
 .text.__cxa_pure_virtual
                0x00001d1c        0x2 bmptk_cortex.o
                0x00001d1c                __cxa_pure_virtual
 *fill*         0x00001d1e        0x2 
 .text.malloc   0x00001d20       0x24 bmptk_heap_bmptk.o
                0x00001d20                malloc
 .text          0x00001d44       0xa0 d:/ti_software/gcc-arm-none-eabi-9-2019-q4-major-win32/bin/../lib/gcc/arm-none-eabi/9.2.1/thumb/v7-m/nofp\libgcc.a(_aeabi_ldivmod.o)
                0x00001d44                __aeabi_ldivmod
 .text          0x00001de4       0x30 d:/ti_software/gcc-arm-none-eabi-9-2019-q4-major-win32/bin/../lib/gcc/arm-none-eabi/9.2.1/thumb/v7-m/nofp\libgcc.a(_aeabi_uldivmod.o)
                0x00001de4                __aeabi_uldivmod
 .text          0x00001e14      0x2c4 d:/ti_software/gcc-arm-none-eabi-9-2019-q4-major-win32/bin/../lib/gcc/arm-none-eabi/9.2.1/thumb/v7-m/nofp\libgcc.a(_udivmoddi4.o)
                0x00001e14                __udivmoddi4
 .text          0x000020d8        0x4 d:/ti_software/gcc-arm-none-eabi-9-2019-q4-major-win32/bin/../lib/gcc/arm-none-eabi/9.2.1/thumb/v7-m/nofp\libgcc.a(_dvmd_tls.o)
                0x000020d8                __aeabi_ldiv0
 .text.memset   0x000020dc       0xa0 d:/ti_software/gcc-arm-none-eabi-9-2019-q4-major-win32/bin/../lib/gcc/arm-none-eabi/9.2.1/../../../../arm-none-eabi/lib/thumb/v7-m/nofp\libc.a(lib_a-memset.o)
                0x000020dc                memset
                0x0000217c                . = ALIGN (0x4)
 *(.glue_7t .glue_7)
 .glue_7        0x0000217c        0x0 linker stubs
 .glue_7t       0x0000217c        0x0 linker stubs
                0x0000217c                . = ALIGN (0x4)
 *(.rodata .rodata.* .gnu.linkonce.r.*)
 .rodata._ZN3due8pin_infoENS_4pinsE.str1.1
                0x0000217c       0x33 coroutine.o
 .rodata._ZZN3due8pin_infoENS_4pinsEE14pin_info_array
                0x000021af       0xa4 coroutine.o
 .rodata._ZNK4rtos5eventeqERKS0_.part.0.str1.1
                0x00002253       0x33 rtos.o
                                 0x35 (size before relaxing)
 .rodata._Z15task_trampolinev.str1.1
                0x00002286       0x2e rtos.o
 .rodata._ZN4rtos9task_base5blockEv.str1.1
                0x000022b4       0x37 rtos.o
 .rodata._ZNK4rtos9task_base5printERN5hwlib7ostreamEb.str1.1
                0x000022eb       0x37 rtos.o
                                 0x39 (size before relaxing)
 .rodata._ZNK4rtos4flag5printERN5hwlib7ostreamEb.str1.1
                0x00002322       0x1e rtos.o
 .rodata._ZNK4rtos5timer5printERN5hwlib7ostreamEb.str1.1
                0x00002340       0x13 rtos.o
 .rodata._ZNK4rtos5clock5printERN5hwlib7ostreamEb.str1.1
                0x00002353       0x1d rtos.o
 .rodata._ZN4rtos12waitable_set17waitable_allocateEv.str1.1
                0x00002370       0x1b rtos.o
 .rodata._ZNK4rtos5mutex5printERN5hwlib7ostreamEb.str1.1
                0x0000238b       0x29 rtos.o
 .rodata._ZNK4rtos12channel_base5printERN5hwlib7ostreamEb.str1.1
                0x000023b4       0x23 rtos.o
 .rodata._ZNK4rtos9pool_base5printERN5hwlib7ostreamEb.str1.1
                0x000023d7       0x10 rtos.o
 .rodata._ZNK4rtos12mailbox_base5printERN5hwlib7ostreamEb.str1.1
                0x000023e7       0x1b rtos.o
 .rodata._ZN4rtos5printERN5hwlib7ostreamE.str1.1
                0x00002402       0x83 rtos.o
 .rodata._ZN4rtos4beatEv.str1.1
                0x00002485       0x3e rtos.o
 .rodata._ZN4rtos3addEPNS_9task_baseE.str1.1
                0x000024c3       0x2e rtos.o
 .rodata._ZN4rtos9task_baseC2ER9coroutineILl0EEjPKc.str1.1
                0x000024f1        0x8 rtos.o
 *fill*         0x000024f9        0x3 
 .rodata._ZTVN4rtos8waitableE
                0x000024fc        0xc rtos.o
                0x000024fc                vtable for rtos::waitable
 .rodata._ZTVN4rtos8callbackE
                0x00002508       0x10 rtos.o
                0x00002508                vtable for rtos::callback
 .rodata._ZTVN4rtos12channel_baseE
                0x00002518        0xc rtos.o
                0x00002518                vtable for rtos::channel_base
 .rodata._ZTVN4rtos5timerE
                0x00002524       0x24 rtos.o
                0x00002524                vtable for rtos::timer
 .rodata._ZTVN4rtos9task_baseE
                0x00002548       0x14 rtos.o
                0x00002548                vtable for rtos::task_base
 .rodata._ZTVN5hwlib20cout_using_uart_putcE
                0x0000255c       0x10 hwlib.o
                0x0000255c                vtable for hwlib::cout_using_uart_putc
 .rodata._ZN6Logger4mainEv.str1.1
                0x0000256c       0x6a main.o
 .rodata._ZN4rtos9task_baseD2Ev.str1.1
                0x000025d6       0x17 main.o
                                 0x2b (size before relaxing)
 .rodata.main.str1.1
                0x000025ed       0x54 main.o
 .rodata._ZN4rtos7channelIjLi100EE4readEv.str1.1
                0x00002641       0x20 main.o
 .rodata._ZN11NecReciever4mainEv.str1.1
                0x00002661       0x3b main.o
 .rodata._ZTVN3due6pin_inE
                0x0000269c       0x10 main.o
                0x0000269c                vtable for due::pin_in
 .rodata._ZTVN3due7pin_outE
                0x000026ac       0x10 main.o
                0x000026ac                vtable for due::pin_out
 .rodata._ZTVN4rtos4taskILi4096EEE
                0x000026bc       0x14 main.o
                0x000026bc                vtable for rtos::task<4096>
 .rodata._ZTV6Logger
                0x000026d0       0x14 main.o
                0x000026d0                vtable for Logger
 .rodata._ZTV19SignalPauseDetector
                0x000026e4       0x14 main.o
                0x000026e4                vtable for SignalPauseDetector
 .rodata._ZTVN4rtos7channelIjLi100EEE
                0x000026f8        0xc main.o
                0x000026f8                vtable for rtos::channel<unsigned int, 100>
 .rodata._ZTV11NecReciever
                0x00002704       0x2c main.o
                0x00002704                vtable for NecReciever
 .rodata._ZTV9MsgLogger
                0x00002730       0x24 main.o
                0x00002730                vtable for MsgLogger
                0x00002754                . = ALIGN (0x4)
 *(.ARM.extab* .gnu.linkonce.armextab.*)
                0x00002754                . = ALIGN (0x4)
 *(.gcc_except_table)
                0x00002754                . = ALIGN (0x4)
 *(.eh_frame_hdr)
                0x00002754                . = ALIGN (0x4)
 *(.eh_frame)
                0x00002754                . = ALIGN (0x4)
                0x00002754                __text_end = .
                [!provide]                PROVIDE (__text_end = __text_end)

.vfp11_veneer   0x00002754        0x0
 .vfp11_veneer  0x00002754        0x0 linker stubs

.v4_bx          0x00002754        0x0
 .v4_bx         0x00002754        0x0 linker stubs

.iplt           0x00002754        0x0
 .iplt          0x00002754        0x0 coroutine.o

.IF_YOU_SEE_THIS_YOU_HAVE_ONE_OR_MORE_GLOBAL_OBJECT_CONSTRUCTORS
 *(.init)
 *(.preinit_array)
 *(SORT_BY_NAME(.init_array.*))
 *(.init_array)
                0x00002754                . = ALIGN (0x4)
                0x00002754                __exidx_start = .
                [!provide]                PROVIDE (__exidx_start = __exidx_start)

.ARM.exidx      0x00002754        0x8
 *(.ARM.exidx* .gnu.linkonce.armexidx.*)
 .ARM.exidx     0x00002754        0x8 d:/ti_software/gcc-arm-none-eabi-9-2019-q4-major-win32/bin/../lib/gcc/arm-none-eabi/9.2.1/thumb/v7-m/nofp\libgcc.a(_udivmoddi4.o)

.rel.dyn        0x0000275c        0x0
 .rel.iplt      0x0000275c        0x0 coroutine.o
                0x0000275c                . = ALIGN (0x4)
                0x0000275c                __exidx_end = .
                [!provide]                PROVIDE (__exidx_end = __exidx_end)

.bss            0x20070000    0x14060
                0x20070000                . = ALIGN (0x4)
                0x20070000                __stack_start = .
                [!provide]                PROVIDE (__stack_start = __stack_start)
                0x20070000                . = ALIGN (0x4)
 *(.bmptk_stack)
 .bmptk_stack   0x20070000    0x14000 bmptk_fixed_size_stack.o
                0x20070000                bmptk_stack
                0x20084000                . = ALIGN (0x8)
                0x20084000                __main_stack_end = .
                [!provide]                PROVIDE (__main_stack_end = __main_stack_end)
                0x20084000                . = ALIGN (0x4)
                0x20084000                __stack_end = .
                [!provide]                PROVIDE (__stack_end = __stack_end)
                0x20084000                . = ALIGN (0x4)
                0x20084000                __bss_start = .
                [!provide]                PROVIDE (__bss_start = __bss_start)
                0x20084000                . = ALIGN (0x4)
 *(.bss .bss.* .gnu.linkonce.b.*)
 .bss._ZN17coroutine_context7main_spE
                0x20084000        0x4 coroutine.o
                0x20084000                coroutine_context::main_sp
 *fill*         0x20084004        0x4 
 .bss._ZZN3due9now_ticksEvE4high
                0x20084008        0x8 coroutine.o
 .bss._ZZN3due9now_ticksEvE8last_low
                0x20084010        0x4 coroutine.o
 .bss._ZZN3due9now_ticksEvE9init_done
                0x20084014        0x1 coroutine.o
 .bss._ZN4rtos10must_clearE
                0x20084015        0x1 rtos.o
                0x20084015                rtos::must_clear
 *fill*         0x20084016        0x2 
 .bss._ZN4rtos17rtos_current_taskE
                0x20084018        0x4 rtos.o
                0x20084018                rtos::rtos_current_task
 .bss._ZN4rtos17scheduler_runningE
                0x2008401c        0x1 rtos.o
                0x2008401c                rtos::scheduler_running
 *fill*         0x2008401d        0x3 
 .bss._ZN4rtos5flagsE
                0x20084020        0x4 rtos.o
                0x20084020                rtos::flags
 .bss._ZN4rtos5poolsE
                0x20084024        0x4 rtos.o
                0x20084024                rtos::pools
 .bss._ZN4rtos6clocksE
                0x20084028        0x4 rtos.o
                0x20084028                rtos::clocks
 .bss._ZN4rtos6timersE
                0x2008402c        0x4 rtos.o
                0x2008402c                rtos::timers
 .bss._ZN4rtos7mutexesE
                0x20084030        0x4 rtos.o
                0x20084030                rtos::mutexes
 .bss._ZN4rtos8channelsE
                0x20084034        0x4 rtos.o
                0x20084034                rtos::channels
 .bss._ZN4rtos8taskListE
                0x20084038        0x4 rtos.o
                0x20084038                rtos::taskList
 .bss._ZN4rtos9mailboxesE
                0x2008403c        0x4 rtos.o
                0x2008403c                rtos::mailboxes
 .bss._ZN4rtos9timerListE
                0x20084040        0x4 rtos.o
                0x20084040                rtos::timerList
 *fill*         0x20084044        0x4 
 .bss.last_run_time
                0x20084048        0x8 rtos.o
                0x20084048                last_run_time
 .bss._ZN5hwlib15background_base5firstE
                0x20084050        0x4 hwlib.o
                0x20084050                hwlib::background_base::first
 .bss._ZN5hwlib15background_base7currentE
                0x20084054        0x4 hwlib.o
                0x20084054                hwlib::background_base::current
 .bss._ZN5hwlib15background_base7runningE
                0x20084058        0x1 hwlib.o
                0x20084058                hwlib::background_base::running
 .bss._ZZN3due9uart_initEvE9init_done
                0x20084059        0x1 hwlib.o
 *fill*         0x2008405a        0x2 
 .bss.pLogger   0x2008405c        0x4 main.o
                0x2008405c                pLogger
                0x20084060                . = ALIGN (0x4)
 *(COMMON)
                0x20084060                . = ALIGN (0x4)
                0x20084060                __bss_end = .
                [!provide]                PROVIDE (__bss_end = __bss_end)

.data           0x20084060       0x28 load address 0x0000275c
                0x20084060                . = ALIGN (0x4)
                0x0000275c                __data_init_start = LOADADDR (.data)
                [!provide]                PROVIDE (__data_init_start = __data_init_start)
                0x20084060                __data_start = .
                [!provide]                PROVIDE (__data_start = __data_start)
                0x20084060                . = ALIGN (0x4)
 *(.data .data.* .gnu.linkonce.d.*)
 .data._ZN17coroutine_context24current_coroutine_sp_ptrE
                0x20084060        0x4 coroutine.o
                0x20084060                coroutine_context::current_coroutine_sp_ptr
 .data._ZN6sam3xa15SystemCoreClockE
                0x20084064        0x4 coroutine.o
                0x20084064                sam3xa::SystemCoreClock
 .data._ZN3due7hw_uartE
                0x20084068        0x4 hwlib.o
                0x20084068                due::hw_uart
 .data._ZN5hwlib4coutE
                0x2008406c       0x14 hwlib.o
                0x2008406c                hwlib::cout
 .data._first_free
                0x20084080        0x4 bmptk_heap_bmptk.o
                0x20084080                _first_free
 .data._last_free
                0x20084084        0x4 bmptk_heap_bmptk.o
                0x20084084                _last_free
                0x20084088                . = ALIGN (0x4)
                0x20084088                __data_end = .
                [!provide]                PROVIDE (__data_end = __data_end)
                0x0000275c                __data_init_end = LOADADDR (.data)
                [!provide]                PROVIDE (__data_init_end = __data_init_end)
                [!provide]                PROVIDE (__data_size = (__data_end - __data_start))
                [!provide]                PROVIDE (__data_init_size = __data_size)
                [!provide]                PROVIDE (__data_init_end = (__data_init_start + __data_init_size))

.igot.plt       0x20084088        0x0 load address 0x00002784
 .igot.plt      0x20084088        0x0 coroutine.o
                0x20084088                . = ALIGN (0x4)
                0x20084088                __heap_start = .
                [!provide]                PROVIDE (__heap_start = __heap_start)
                0x20084088                . = ALIGN (0x4)
                0x20088000                __heap_end = __ram_end
                [!provide]                PROVIDE (__heap_end = __heap_end)

.stab
 *(.stab)

.stabstr
 *(.stabstr)

.debug
 *(.debug)

.line
 *(.line)

.debug_srcinfo
 *(.debug_srcinfo)

.debug_sfnames
 *(.debug_sfnames)

.debug_aranges
 *(.debug_aranges)

.debug_pubnames
 *(.debug_pubnames)

.debug_info
 *(.debug_info .gnu.linkonce.wi.*)

.debug_abbrev
 *(.debug_abbrev)

.debug_line
 *(.debug_line)

.debug_frame    0x00000000       0xdc
 *(.debug_frame)
 .debug_frame   0x00000000       0x44 d:/ti_software/gcc-arm-none-eabi-9-2019-q4-major-win32/bin/../lib/gcc/arm-none-eabi/9.2.1/thumb/v7-m/nofp\libgcc.a(_aeabi_ldivmod.o)
 .debug_frame   0x00000044       0x2c d:/ti_software/gcc-arm-none-eabi-9-2019-q4-major-win32/bin/../lib/gcc/arm-none-eabi/9.2.1/thumb/v7-m/nofp\libgcc.a(_aeabi_uldivmod.o)
 .debug_frame   0x00000070       0x34 d:/ti_software/gcc-arm-none-eabi-9-2019-q4-major-win32/bin/../lib/gcc/arm-none-eabi/9.2.1/thumb/v7-m/nofp\libgcc.a(_udivmoddi4.o)
 .debug_frame   0x000000a4       0x38 d:/ti_software/gcc-arm-none-eabi-9-2019-q4-major-win32/bin/../lib/gcc/arm-none-eabi/9.2.1/../../../../arm-none-eabi/lib/thumb/v7-m/nofp\libc.a(lib_a-memset.o)

.comment        0x00000000       0x79
 .comment       0x00000000       0x79 coroutine.o
                                 0x7a (size before relaxing)
 .comment       0x00000079       0x7a rtos.o
 .comment       0x00000079       0x7a hwlib.o
 .comment       0x00000079       0x7a main.o
 .comment       0x00000079       0x7a bmptk_cortex.o
 .comment       0x00000079       0x7a bmptk_heap_bmptk.o
 .comment       0x00000079       0x7a bmptk_fixed_size_stack.o

.debug_str
 *(.debug_str)

.debug_loc
 *(.debug_loc)

.debug_macinfo
 *(.debug_macinfo)

.debug_weaknames
 *(.debug_weaknames)

.debug_funcnames
 *(.debug_funcnames)

.debug_typenames
 *(.debug_typenames)

.debug_varnames
 *(.debug_varnames)

.note.gnu.arm.ident
 *(.note.gnu.arm.ident)

.ARM.attributes
                0x00000000       0x29
 *(.ARM.attributes)
 .ARM.attributes
                0x00000000       0x21 switch_to.o
 .ARM.attributes
                0x00000021       0x2d coroutine.o
 .ARM.attributes
                0x0000004e       0x2d rtos.o
 .ARM.attributes
                0x0000007b       0x2d hwlib.o
 .ARM.attributes
                0x000000a8       0x2d main.o
 .ARM.attributes
                0x000000d5       0x2d bmptk_cortex.o
 .ARM.attributes
                0x00000102       0x2d bmptk_heap_bmptk.o
 .ARM.attributes
                0x0000012f       0x33 bmptk_fixed_size_stack.o
 .ARM.attributes
                0x00000162       0x1d d:/ti_software/gcc-arm-none-eabi-9-2019-q4-major-win32/bin/../lib/gcc/arm-none-eabi/9.2.1/thumb/v7-m/nofp\libgcc.a(_aeabi_ldivmod.o)
 .ARM.attributes
                0x0000017f       0x1d d:/ti_software/gcc-arm-none-eabi-9-2019-q4-major-win32/bin/../lib/gcc/arm-none-eabi/9.2.1/thumb/v7-m/nofp\libgcc.a(_aeabi_uldivmod.o)
 .ARM.attributes
                0x0000019c       0x2d d:/ti_software/gcc-arm-none-eabi-9-2019-q4-major-win32/bin/../lib/gcc/arm-none-eabi/9.2.1/thumb/v7-m/nofp\libgcc.a(_udivmoddi4.o)
 .ARM.attributes
                0x000001c9       0x1d d:/ti_software/gcc-arm-none-eabi-9-2019-q4-major-win32/bin/../lib/gcc/arm-none-eabi/9.2.1/thumb/v7-m/nofp\libgcc.a(_dvmd_tls.o)
 .ARM.attributes
                0x000001e6       0x2d d:/ti_software/gcc-arm-none-eabi-9-2019-q4-major-win32/bin/../lib/gcc/arm-none-eabi/9.2.1/../../../../arm-none-eabi/lib/thumb/v7-m/nofp\libc.a(lib_a-memset.o)

/DISCARD/
 *(.note.GNU-stack)
                [!provide]                PROVIDE (__text_size = (__text_end - __text_start))
                [!provide]                PROVIDE (__exidx_size = (__exidx_end - __exidx_start))
                [!provide]                PROVIDE (__bss_size = (__bss_end - __bss_start))
                [!provide]                PROVIDE (__stack_size = (__stack_end - __stack_start))
                [!provide]                PROVIDE (__heap_size = (__heap_end - __heap_start))
OUTPUT(main.elf elf32-littlearm)
